Component: ARM Compiler 5.06 update 7 (build 960) Tool: armlink [4d3601]

==============================================================================

Section Cross References

    startup_stm32f103xe.o(STACK) refers (Special) to heapauxi.o(.text) for __use_two_region_memory
    startup_stm32f103xe.o(HEAP) refers (Special) to heapauxi.o(.text) for __use_two_region_memory
    startup_stm32f103xe.o(RESET) refers (Special) to heapauxi.o(.text) for __use_two_region_memory
    startup_stm32f103xe.o(RESET) refers to startup_stm32f103xe.o(STACK) for __initial_sp
    startup_stm32f103xe.o(RESET) refers to startup_stm32f103xe.o(.text) for Reset_Handler
    startup_stm32f103xe.o(RESET) refers to stm32f1xx_it.o(i.NMI_Handler) for NMI_Handler
    startup_stm32f103xe.o(RESET) refers to stm32f1xx_it.o(i.HardFault_Handler) for HardFault_Handler
    startup_stm32f103xe.o(RESET) refers to stm32f1xx_it.o(i.MemManage_Handler) for MemManage_Handler
    startup_stm32f103xe.o(RESET) refers to stm32f1xx_it.o(i.BusFault_Handler) for BusFault_Handler
    startup_stm32f103xe.o(RESET) refers to stm32f1xx_it.o(i.UsageFault_Handler) for UsageFault_Handler
    startup_stm32f103xe.o(RESET) refers to stm32f1xx_it.o(i.SVC_Handler) for SVC_Handler
    startup_stm32f103xe.o(RESET) refers to stm32f1xx_it.o(i.DebugMon_Handler) for DebugMon_Handler
    startup_stm32f103xe.o(RESET) refers to stm32f1xx_it.o(i.PendSV_Handler) for PendSV_Handler
    startup_stm32f103xe.o(RESET) refers to stm32f1xx_it.o(i.SysTick_Handler) for SysTick_Handler
    startup_stm32f103xe.o(RESET) refers to stm32f1xx_it.o(i.DMA1_Channel1_IRQHandler) for DMA1_Channel1_IRQHandler
    startup_stm32f103xe.o(RESET) refers to stm32f1xx_it.o(i.ADC1_2_IRQHandler) for ADC1_2_IRQHandler
    startup_stm32f103xe.o(.text) refers (Special) to heapauxi.o(.text) for __use_two_region_memory
    startup_stm32f103xe.o(.text) refers to system_stm32f1xx.o(i.SystemInit) for SystemInit
    startup_stm32f103xe.o(.text) refers to __main.o(!!!main) for __main
    startup_stm32f103xe.o(.text) refers to startup_stm32f103xe.o(HEAP) for Heap_Mem
    startup_stm32f103xe.o(.text) refers to startup_stm32f103xe.o(STACK) for Stack_Mem
    main.o(i.SystemClock_Config) refers to rt_memclr_w.o(.text) for __aeabi_memclr4
    main.o(i.SystemClock_Config) refers to stm32f1xx_hal_rcc.o(i.HAL_RCC_OscConfig) for HAL_RCC_OscConfig
    main.o(i.SystemClock_Config) refers to stm32f1xx_hal_rcc.o(i.HAL_RCC_ClockConfig) for HAL_RCC_ClockConfig
    main.o(i.SystemClock_Config) refers to stm32f1xx_hal_rcc_ex.o(i.HAL_RCCEx_PeriphCLKConfig) for HAL_RCCEx_PeriphCLKConfig
    main.o(i.main) refers to stm32f1xx_hal.o(i.HAL_Init) for HAL_Init
    main.o(i.main) refers to main.o(i.SystemClock_Config) for SystemClock_Config
    main.o(i.main) refers to gpio.o(i.MX_GPIO_Init) for MX_GPIO_Init
    main.o(i.main) refers to dma.o(i.MX_DMA_Init) for MX_DMA_Init
    main.o(i.main) refers to fsmc.o(i.MX_FSMC_Init) for MX_FSMC_Init
    main.o(i.main) refers to adc.o(i.MX_ADC1_Init) for MX_ADC1_Init
    main.o(i.main) refers to tim.o(i.MX_TIM3_Init) for MX_TIM3_Init
    main.o(i.main) refers to lcd.o(i.LCD_Init) for LCD_Init
    main.o(i.main) refers to lcd.o(i.LCD_DisplayOn) for LCD_DisplayOn
    main.o(i.main) refers to oscilloscope.o(i.Osc_TFT_Windows) for Osc_TFT_Windows
    main.o(i.main) refers to stm32f1xx_hal.o(i.HAL_Delay) for HAL_Delay
    main.o(i.main) refers to adc_osc.o(i.OS_ADC_DMA) for OS_ADC_DMA
    gpio.o(i.MX_GPIO_Init) refers to stm32f1xx_hal_gpio.o(i.HAL_GPIO_WritePin) for HAL_GPIO_WritePin
    gpio.o(i.MX_GPIO_Init) refers to stm32f1xx_hal_gpio.o(i.HAL_GPIO_Init) for HAL_GPIO_Init
    adc.o(i.HAL_ADC_MspDeInit) refers to stm32f1xx_hal_gpio.o(i.HAL_GPIO_DeInit) for HAL_GPIO_DeInit
    adc.o(i.HAL_ADC_MspDeInit) refers to stm32f1xx_hal_dma.o(i.HAL_DMA_DeInit) for HAL_DMA_DeInit
    adc.o(i.HAL_ADC_MspDeInit) refers to stm32f1xx_hal_cortex.o(i.HAL_NVIC_DisableIRQ) for HAL_NVIC_DisableIRQ
    adc.o(i.HAL_ADC_MspInit) refers to stm32f1xx_hal_gpio.o(i.HAL_GPIO_Init) for HAL_GPIO_Init
    adc.o(i.HAL_ADC_MspInit) refers to stm32f1xx_hal_dma.o(i.HAL_DMA_Init) for HAL_DMA_Init
    adc.o(i.HAL_ADC_MspInit) refers to main.o(i.Error_Handler) for Error_Handler
    adc.o(i.HAL_ADC_MspInit) refers to stm32f1xx_hal_cortex.o(i.HAL_NVIC_SetPriority) for HAL_NVIC_SetPriority
    adc.o(i.HAL_ADC_MspInit) refers to stm32f1xx_hal_cortex.o(i.HAL_NVIC_EnableIRQ) for HAL_NVIC_EnableIRQ
    adc.o(i.HAL_ADC_MspInit) refers to adc.o(.bss) for .bss
    adc.o(i.MX_ADC1_Init) refers to stm32f1xx_hal_adc.o(i.HAL_ADC_Init) for HAL_ADC_Init
    adc.o(i.MX_ADC1_Init) refers to main.o(i.Error_Handler) for Error_Handler
    adc.o(i.MX_ADC1_Init) refers to stm32f1xx_hal_adc.o(i.HAL_ADC_ConfigChannel) for HAL_ADC_ConfigChannel
    adc.o(i.MX_ADC1_Init) refers to adc.o(.bss) for .bss
    dma.o(i.MX_DMA_Init) refers to stm32f1xx_hal_cortex.o(i.HAL_NVIC_SetPriority) for HAL_NVIC_SetPriority
[...]
    ..\HARDWARE\lcd.c                        0x00000000   Number         0  lcd.o ABSOLUTE
    ..\XK_Drieser\ADC_Osc.c                  0x00000000   Number         0  adc_osc.o ABSOLUTE
    ..\XK_Drieser\Oscilloscope.c             0x00000000   Number         0  oscilloscope.o ABSOLUTE
    ..\\HARDWARE\\lcd.c                      0x00000000   Number         0  lcd.o ABSOLUTE
    ..\\XK_Drieser\\ADC_Osc.c                0x00000000   Number         0  adc_osc.o ABSOLUTE
    ..\\XK_Drieser\\Oscilloscope.c           0x00000000   Number         0  oscilloscope.o ABSOLUTE
    dc.s                                     0x00000000   Number         0  dc.o ABSOLUTE
    startup_stm32f103xe.s                    0x00000000   Number         0  startup_stm32f103xe.o ABSOLUTE
    RESET                                    0x08000000   Section      304  startup_stm32f103xe.o(RESET)
    !!!main                                  0x08000130   Section        8  __main.o(!!!main)
    !!!scatter                               0x08000138   Section       52  __scatter.o(!!!scatter)
    !!handler_copy                           0x0800016c   Section       26  __scatter_copy.o(!!handler_copy)
    !!handler_zi                             0x08000188   Section       28  __scatter_zi.o(!!handler_zi)
    .ARM.Collect$$_printf_percent$$00000000  0x080001a4   Section        0  _printf_percent.o(.ARM.Collect$$_printf_percent$$00000000)
    .ARM.Collect$$_printf_percent$$00000003  0x080001a4   Section        6  _printf_f.o(.ARM.Collect$$_printf_percent$$00000003)
    .ARM.Collect$$_printf_percent$$00000009  0x080001aa   Section        6  _printf_d.o(.ARM.Collect$$_printf_percent$$00000009)
    .ARM.Collect$$_printf_percent$$0000000C  0x080001b0   Section        6  _printf_x.o(.ARM.Collect$$_printf_percent$$0000000C)
    .ARM.Collect$$_printf_percent$$00000017  0x080001b6   Section        4  _printf_percent_end.o(.ARM.Collect$$_printf_percent$$00000017)
    .ARM.Collect$$libinit$$00000000          0x080001ba   Section        2  libinit.o(.ARM.Collect$$libinit$$00000000)
    .ARM.Collect$$libinit$$00000002          0x080001bc   Section        0  libinit2.o(.ARM.Collect$$libinit$$00000002)
    .ARM.Collect$$libinit$$00000004          0x080001bc   Section        0  libinit2.o(.ARM.Collect$$libinit$$00000004)
    .ARM.Collect$$libinit$$0000000A          0x080001bc   Section        0  libinit2.o(.ARM.Collect$$libinit$$0000000A)
    .ARM.Collect$$libinit$$0000000C          0x080001bc   Section        0  libinit2.o(.ARM.Collect$$libinit$$0000000C)
    .ARM.Collect$$libinit$$0000000E          0x080001bc   Section        0  libinit2.o(.ARM.Collect$$libinit$$0000000E)
    .ARM.Collect$$libinit$$0000000F          0x080001bc   Section        6  libinit2.o(.ARM.Collect$$libinit$$0000000F)
    .ARM.Collect$$libinit$$00000011          0x080001c2   Section        0  libinit2.o(.ARM.Collect$$libinit$$00000011)
    .ARM.Collect$$libinit$$00000013          0x080001c2   Section        0  libinit2.o(.ARM.Collect$$libinit$$00000013)
    .ARM.Collect$$libinit$$00000015          0x080001c2   Section        0  libinit2.o(.ARM.Collect$$libinit$$00000015)
    .ARM.Collect$$libinit$$00000016          0x080001c2   Section       10  libinit2.o(.ARM.Collect$$libinit$$00000016)
    .ARM.Collect$$libinit$$00000017          0x080001cc   Section        0  libinit2.o(.ARM.Collect$$libinit$$00000017)
    .ARM.Collect$$libinit$$00000019          0x080001cc   Section        0  libinit2.o(.ARM.Collect$$libinit$$00000019)
    .ARM.Collect$$libinit$$0000001B          0x080001cc   Section        0  libinit2.o(.ARM.Collect$$libinit$$0000001B)
    .ARM.Collect$$libinit$$0000001D          0x080001cc   Section        0  libinit2.o(.ARM.Collect$$libinit$$0000001D)
    .ARM.Collect$$libinit$$0000001F          0x080001cc   Section        0  libinit2.o(.ARM.Collect$$libinit$$0000001F)
    .ARM.Collect$$libinit$$00000021          0x080001cc   Section        0  libinit2.o(.ARM.Collect$$libinit$$00000021)
    .ARM.Collect$$libinit$$00000023          0x080001cc   Section        0  libinit2.o(.ARM.Collect$$libinit$$00000023)
    .ARM.Collect$$libinit$$00000025          0x080001cc   Section        0  libinit2.o(.ARM.Collect$$libinit$$00000025)
    .ARM.Collect$$libinit$$0000002C          0x080001cc   Section        0  libinit2.o(.ARM.Collect$$libinit$$0000002C)
    .ARM.Collect$$libinit$$0000002E          0x080001cc   Section        0  libinit2.o(.ARM.Collect$$libinit$$0000002E)
    .ARM.Collect$$libinit$$00000030          0x080001cc   Section        0  libinit2.o(.ARM.Collect$$libinit$$00000030)
    .ARM.Collect$$libinit$$00000032          0x080001cc   Section        0  libinit2.o(.ARM.Collect$$libinit$$00000032)
    .ARM.Collect$$libinit$$00000033          0x080001cc   Section        2  libinit2.o(.ARM.Collect$$libinit$$00000033)
    .ARM.Collect$$libshutdown$$00000000      0x080001ce   Section        2  libshutdown.o(.ARM.Collect$$libshutdown$$00000000)
    .ARM.Collect$$libshutdown$$00000002      0x080001d0   Section        0  libshutdown2.o(.ARM.Collect$$libshutdown$$00000002)
    .ARM.Collect$$libshutdown$$00000004      0x080001d0   Section        0  libshutdown2.o(.ARM.Collect$$libshutdown$$00000004)
    .ARM.Collect$$libshutdown$$00000006      0x080001d0   Section        0  libshutdown2.o(.ARM.Collect$$libshutdown$$00000006)
    .ARM.Collect$$libshutdown$$00000009      0x080001d0   Section        0  libshutdown2.o(.ARM.Collect$$libshutdown$$00000009)
    .ARM.Collect$$libshutdown$$0000000C      0x080001d0   Section        0  libshutdown2.o(.ARM.Collect$$libshutdown$$0000000C)
    .ARM.Collect$$libshutdown$$0000000E      0x080001d0   Section        0  libshutdown2.o(.ARM.Collect$$libshutdown$$0000000E)
    .ARM.Collect$$libshutdown$$00000011      0x080001d0   Section        0  libshutdown2.o(.ARM.Collect$$libshutdown$$00000011)
    .ARM.Collect$$libshutdown$$00000012      0x080001d0   Section        2  libshutdown2.o(.ARM.Collect$$libshutdown$$00000012)
    .ARM.Collect$$rtentry$$00000000          0x080001d2   Section        0  __rtentry.o(.ARM.Collect$$rtentry$$00000000)
    .ARM.Collect$$rtentry$$00000002          0x080001d2   Section        0  __rtentry2.o(.ARM.Collect$$rtentry$$00000002)
    .ARM.Collect$$rtentry$$00000004          0x080001d2   Section        6  __rtentry4.o(.ARM.Collect$$rtentry$$00000004)
    .ARM.Collect$$rtentry$$00000009          0x080001d8   Section        0  __rtentry2.o(.ARM.Collect$$rtentry$$00000009)
    .ARM.Collect$$rtentry$$0000000A          0x080001d8   Section        4  __rtentry2.o(.ARM.Collect$$rtentry$$0000000A)
    .ARM.Collect$$rtentry$$0000000C          0x080001dc   Section        0  __rtentry2.o(.ARM.Collect$$rtentry$$0000000C)
    .ARM.Collect$$rtentry$$0000000D          0x080001dc   Section        8  __rtentry2.o(.ARM.Collect$$rtentry$$0000000D)
    .ARM.Collect$$rtexit$$00000000           0x080001e4   Section        2  rtexit.o(.ARM.Collect$$rtexit$$00000000)
    .ARM.Collect$$rtexit$$00000002           0x080001e6   Section        0  rtexit2.o(.ARM.Collect$$rtexit$$00000002)
    .ARM.Collect$$rtexit$$00000003           0x080001e6   Section        4  rtexit2.o(.ARM.Collect$$rtexit$$00000003)
    .ARM.Collect$$rtexit$$00000004           0x080001ea   Section        6  rtexit2.o(.ARM.Collect$$rtexit$$00000004)
    .text                                    0x080001f0   Section       64  startup_stm32f103xe.o(.text)
    .text                                    0x08000230   Section        0  noretval__2sprintf.o(.text)
    .text                                    0x08000258   Section        0  _printf_pad.o(.text)
    .text                                    0x080002a8   Section        0  _printf_dec.o(.text)
    .text                                    0x08000320   Section        0  _printf_hex_int.o(.text)
    .text                                    0x08000378   Section        0  __printf_flags_wp.o(.text)
    .text                                    0x080004b0   Section       78  rt_memclr_w.o(.text)
    .text                                    0x080004fe   Section        0  heapauxi.o(.text)
    .text                                    0x08000504   Section        0  _printf_intcommon.o(.text)
    .text                                    0x080005b6   Section        0  _printf_fp_dec.o(.text)
    _fp_digits                               0x080005b9   Thumb Code   432  _printf_fp_dec.o(.text)
    .text                                    0x080009d4   Section        0  _printf_char_common.o(.text)
    _printf_input_char                       0x080009d5   Thumb Code    10  _printf_char_common.o(.text)
    .text                                    0x08000a04   Section        0  _sputc.o(.text)
    .text                                    0x08000a10   Section        8  rt_locale_intlibspace.o(.text)
    .text                                    0x08000a18   Section      138  lludiv10.o(.text)
    .text                                    0x08000aa4   Section        0  _printf_fp_infnan.o(.text)
    .text                                    0x08000b24   Section        0  bigflt0.o(.text)
    .text                                    0x08000c08   Section        8  libspace.o(.text)
    .text                                    0x08000c10   Section       74  sys_stackheap_outer.o(.text)
    .text                                    0x08000c5a   Section        0  exit.o(.text)
    .text                                    0x08000c6c   Section      128  strcmpv7m.o(.text)
    .text                                    0x08000cec   Section        0  sys_exit.o(.text)
    .text                                    0x08000cf8   Section        2  use_no_semi.o(.text)
    .text                                    0x08000cfa   Section        0  indicate_semi.o(.text)
    CL$$btod_d2e                             0x08000cfa   Section       62  btod.o(CL$$btod_d2e)
    CL$$btod_d2e_denorm_low                  0x08000d38   Section       70  btod.o(CL$$btod_d2e_denorm_low)
    CL$$btod_d2e_norm_op1                    0x08000d7e   Section       96  btod.o(CL$$btod_d2e_norm_op1)
    CL$$btod_div_common                      0x08000dde   Section      824  btod.o(CL$$btod_div_common)
    CL$$btod_e2e                             0x08001116   Section      220  btod.o(CL$$btod_e2e)
    CL$$btod_ediv                            0x080011f2   Section       42  btod.o(CL$$btod_ediv)
    CL$$btod_emul                            0x0800121c   Section       42  btod.o(CL$$btod_emul)
    CL$$btod_mult_common                     0x08001246   Section      580  btod.o(CL$$btod_mult_common)
    i.ADC1_2_IRQHandler                      0x0800148c   Section        0  stm32f1xx_it.o(i.ADC1_2_IRQHandler)
    i.ADC_ConversionStop_Disable             0x08001498   Section        0  stm32f1xx_hal_adc.o(i.ADC_ConversionStop_Disable)
    i.ADC_DMAConvCplt                        0x080014ee   Section        0  stm32f1xx_hal_adc.o(i.ADC_DMAConvCplt)
    i.ADC_DMAError                           0x0800153c   Section        0  stm32f1xx_hal_adc.o(i.ADC_DMAError)
    i.ADC_DMAHalfConvCplt                    0x08001556   Section        0  stm32f1xx_hal_adc.o(i.ADC_DMAHalfConvCplt)
    i.ADC_Enable                             0x08001560   Section        0  stm32f1xx_hal_adc.o(i.ADC_Enable)
    i.BusFault_Handler                       0x080015dc   Section        0  stm32f1xx_it.o(i.BusFault_Handler)
    i.DMA1_Channel1_IRQHandler               0x080015e0   Section        0  stm32f1xx_it.o(i.DMA1_Channel1_IRQHandler)
    i.DMA_SetConfig                          0x080015ec   Section        0  stm32f1xx_hal_dma.o(i.DMA_SetConfig)
    DMA_SetConfig                            0x080015ed   Thumb Code    42  stm32f1xx_hal_dma.o(i.DMA_SetConfig)
    i.DebugMon_Handler                       0x08001616   Section        0  stm32f1xx_it.o(i.DebugMon_Handler)
    i.Error_Handler                          0x08001618   Section        0  main.o(i.Error_Handler)
    i.FSMC_NORSRAM_Extended_Timing_Init      0x0800161c   Section        0  stm32f1xx_ll_fsmc.o(i.FSMC_NORSRAM_Extended_Timing_Init)
    i.FSMC_NORSRAM_Init                      0x08001658   Section        0  stm32f1xx_ll_fsmc.o(i.FSMC_NORSRAM_Init)
    i.FSMC_NORSRAM_Timing_Init               0x080016c0   Section        0  stm32f1xx_ll_fsmc.o(i.FSMC_NORSRAM_Timing_Init)
    i.HAL_ADCEx_InjectedConvCpltCallback     0x08001704   Section        0  stm32f1xx_hal_adc_ex.o(i.HAL_ADCEx_InjectedConvCpltCallback)
    i.HAL_ADC_ConfigChannel                  0x08001708   Section        0  stm32f1xx_hal_adc.o(i.HAL_ADC_ConfigChannel)
    i.HAL_ADC_ConvCpltCallback               0x08001804   Section        0  adc_osc.o(i.HAL_ADC_ConvCpltCallback)
    i.HAL_ADC_ConvHalfCpltCallback           0x08001874   Section        0  stm32f1xx_hal_adc.o(i.HAL_ADC_ConvHalfCpltCallback)
    i.HAL_ADC_ErrorCallback                  0x08001876   Section        0  stm32f1xx_hal_adc.o(i.HAL_ADC_ErrorCallback)
    i.HAL_ADC_IRQHandler                     0x08001878   Section        0  stm32f1xx_hal_adc.o(i.HAL_ADC_IRQHandler)
    i.HAL_ADC_Init                           0x08001960   Section        0  stm32f1xx_hal_adc.o(i.HAL_ADC_Init)
    i.HAL_ADC_LevelOutOfWindowCallback       0x08001a80   Section        0  stm32f1xx_hal_adc.o(i.HAL_ADC_LevelOutOfWindowCallback)
    i.HAL_ADC_MspInit                        0x08001a84   Section        0  adc.o(i.HAL_ADC_MspInit)
    i.HAL_ADC_Start_DMA                      0x08001b24   Section        0  stm32f1xx_hal_adc.o(i.HAL_ADC_Start_DMA)
    i.HAL_DMA_IRQHandler                     0x08001c30   Section        0  stm32f1xx_hal_dma.o(i.HAL_DMA_IRQHandler)
    i.HAL_DMA_Init                           0x08001e78   Section        0  stm32f1xx_hal_dma.o(i.HAL_DMA_Init)
    i.HAL_DMA_Start_IT                       0x08001ef4   Section        0  stm32f1xx_hal_dma.o(i.HAL_DMA_Start_IT)
    i.HAL_Delay                              0x08001f64   Section        0  stm32f1xx_hal.o(i.HAL_Delay)
    i.HAL_FSMC_MspInit                       0x08001f88   Section        0  fsmc.o(i.HAL_FSMC_MspInit)
    HAL_FSMC_MspInit                         0x08001f89   Thumb Code   106  fsmc.o(i.HAL_FSMC_MspInit)
    i.HAL_GPIO_Init                          0x08002008   Section        0  stm32f1xx_hal_gpio.o(i.HAL_GPIO_Init)
    i.HAL_GPIO_TogglePin                     0x08002200   Section        0  stm32f1xx_hal_gpio.o(i.HAL_GPIO_TogglePin)
    i.HAL_GPIO_WritePin                      0x08002210   Section        0  stm32f1xx_hal_gpio.o(i.HAL_GPIO_WritePin)
    i.HAL_GetTick                            0x0800221c   Section        0  stm32f1xx_hal.o(i.HAL_GetTick)
    i.HAL_IncTick                            0x08002228   Section        0  stm32f1xx_hal.o(i.HAL_IncTick)
    i.HAL_Init                               0x08002238   Section        0  stm32f1xx_hal.o(i.HAL_Init)
    i.HAL_InitTick                           0x0800225c   Section        0  stm32f1xx_hal.o(i.HAL_InitTick)
    i.HAL_MspInit                            0x0800229c   Section        0  stm32f1xx_hal_msp.o(i.HAL_MspInit)
    i.HAL_NVIC_EnableIRQ                     0x080022d8   Section        0  stm32f1xx_hal_cortex.o(i.HAL_NVIC_EnableIRQ)
    i.HAL_NVIC_SetPriority                   0x080022f4   Section        0  stm32f1xx_hal_cortex.o(i.HAL_NVIC_SetPriority)
    i.HAL_NVIC_SetPriorityGrouping           0x08002334   Section        0  stm32f1xx_hal_cortex.o(i.HAL_NVIC_SetPriorityGrouping)
    i.HAL_RCCEx_PeriphCLKConfig              0x08002358   Section        0  stm32f1xx_hal_rcc_ex.o(i.HAL_RCCEx_PeriphCLKConfig)
    i.HAL_RCC_ClockConfig                    0x08002444   Section        0  stm32f1xx_hal_rcc.o(i.HAL_RCC_ClockConfig)
    i.HAL_RCC_GetSysClockFreq                0x08002570   Section        0  stm32f1xx_hal_rcc.o(i.HAL_RCC_GetSysClockFreq)
    i.HAL_RCC_OscConfig                      0x080025dc   Section        0  stm32f1xx_hal_rcc.o(i.HAL_RCC_OscConfig)
    i.HAL_SRAM_Init                          0x080028fc   Section        0  stm32f1xx_hal_sram.o(i.HAL_SRAM_Init)
    i.HAL_SRAM_MspInit                       0x08002960   Section        0  fsmc.o(i.HAL_SRAM_MspInit)
    i.HAL_SYSTICK_Config                     0x08002964   Section        0  stm32f1xx_hal_cortex.o(i.HAL_SYSTICK_Config)
    i.HAL_TIMEx_MasterConfigSynchronization  0x0800298c   Section        0  stm32f1xx_hal_tim_ex.o(i.HAL_TIMEx_MasterConfigSynchronization)
    i.HAL_TIM_Base_Init                      0x08002a08   Section        0  stm32f1xx_hal_tim.o(i.HAL_TIM_Base_Init)
    i.HAL_TIM_Base_MspInit                   0x08002a64   Section        0  tim.o(i.HAL_TIM_Base_MspInit)
    i.HAL_TIM_ConfigClockSource              0x08002a8c   Section        0  stm32f1xx_hal_tim.o(i.HAL_TIM_ConfigClockSource)
    i.HardFault_Handler                      0x08002b62   Section        0  stm32f1xx_it.o(i.HardFault_Handler)
    i.LCD_ArrangedDashed                     0x08002b64   Section        0  lcd.o(i.LCD_ArrangedDashed)
    i.LCD_ArrangedHoriDashed                 0x08002be2   Section        0  lcd.o(i.LCD_ArrangedHoriDashed)
    i.LCD_Clear                              0x08002c54   Section        0  lcd.o(i.LCD_Clear)
    i.LCD_CrossShape                         0x08002c88   Section        0  lcd.o(i.LCD_CrossShape)
    i.LCD_DisplayOn                          0x08002cb0   Section        0  lcd.o(i.LCD_DisplayOn)
    i.LCD_Display_Dir                        0x08002cd4   Section        0  lcd.o(i.LCD_Display_Dir)
    i.LCD_DrawLine                           0x08002e04   Section        0  lcd.o(i.LCD_DrawLine)
    i.LCD_DrawPoint                          0x08002eb4   Section        0  lcd.o(i.LCD_DrawPoint)
    i.LCD_DrawRectangle                      0x08002ed8   Section        0  lcd.o(i.LCD_DrawRectangle)
    i.LCD_Fast_DrawPoint                     0x08002f14   Section        0  lcd.o(i.LCD_Fast_DrawPoint)
    i.LCD_Fill                               0x08003004   Section        0  lcd.o(i.LCD_Fill)
    i.LCD_Init                               0x08003058   Section        0  lcd.o(i.LCD_Init)
    i.LCD_RD_DATA                            0x080055b4   Section        0  lcd.o(i.LCD_RD_DATA)
    i.LCD_SSD_BackLightSet                   0x080055c0   Section        0  lcd.o(i.LCD_SSD_BackLightSet)
    i.LCD_Scan_Dir                           0x08005614   Section        0  lcd.o(i.LCD_Scan_Dir)
    i.LCD_SetCursor                          0x08005848   Section        0  lcd.o(i.LCD_SetCursor)
    i.LCD_ShowChar                           0x08005968   Section        0  lcd.o(i.LCD_ShowChar)
    i.LCD_ShowString                         0x08005a94   Section        0  lcd.o(i.LCD_ShowString)
    i.LCD_WR_DATA                            0x08005afc   Section        0  lcd.o(i.LCD_WR_DATA)
    i.LCD_WR_REG                             0x08005b08   Section        0  lcd.o(i.LCD_WR_REG)
    i.LCD_WriteRAM_Prepare                   0x08005b14   Section        0  lcd.o(i.LCD_WriteRAM_Prepare)
    i.LCD_WriteReg                           0x08005b28   Section        0  lcd.o(i.LCD_WriteReg)
    i.MX_ADC1_Init                           0x08005b38   Section        0  adc.o(i.MX_ADC1_Init)
    i.MX_DMA_Init                            0x08005b88   Section        0  dma.o(i.MX_DMA_Init)
    i.MX_FSMC_Init                           0x08005bb4   Section        0  fsmc.o(i.MX_FSMC_Init)
    i.MX_GPIO_Init                           0x08005c48   Section        0  gpio.o(i.MX_GPIO_Init)
    i.MX_TIM3_Init                           0x08005cf8   Section        0  tim.o(i.MX_TIM3_Init)
    i.MemManage_Handler                      0x08005d60   Section        0  stm32f1xx_it.o(i.MemManage_Handler)
    i.NMI_Handler                            0x08005d62   Section        0  stm32f1xx_it.o(i.NMI_Handler)
    i.OS_ADC_Config                          0x08005d64   Section        0  adc_osc.o(i.OS_ADC_Config)
    i.OS_ADC_DMA                             0x08005dd4   Section        0  adc_osc.o(i.OS_ADC_DMA)
    i.Osc_TFT_Windows                        0x08005de8   Section        0  oscilloscope.o(i.Osc_TFT_Windows)
    i.PendSV_Handler                         0x08005f10   Section        0  stm32f1xx_it.o(i.PendSV_Handler)
    i.SVC_Handler                            0x08005f12   Section        0  stm32f1xx_it.o(i.SVC_Handler)
    i.SysTick_Handler                        0x08005f14   Section        0  stm32f1xx_it.o(i.SysTick_Handler)
    i.SystemClock_Config                     0x08005f18   Section        0  main.o(i.SystemClock_Config)
    i.SystemInit                             0x08005f92   Section        0  system_stm32f1xx.o(i.SystemInit)
    i.TIM_Base_SetConfig                     0x08005f94   Section        0  stm32f1xx_hal_tim.o(i.TIM_Base_SetConfig)
    i.TIM_ETR_SetConfig                      0x08006020   Section        0  stm32f1xx_hal_tim.o(i.TIM_ETR_SetConfig)
    i.TIM_ITRx_SetConfig                     0x08006034   Section        0  stm32f1xx_hal_tim.o(i.TIM_ITRx_SetConfig)
    TIM_ITRx_SetConfig                       0x08006035   Thumb Code    16  stm32f1xx_hal_tim.o(i.TIM_ITRx_SetConfig)
    i.TIM_TI1_ConfigInputStage               0x08006044   Section        0  stm32f1xx_hal_tim.o(i.TIM_TI1_ConfigInputStage)
    TIM_TI1_ConfigInputStage                 0x08006045   Thumb Code    34  stm32f1xx_hal_tim.o(i.TIM_TI1_ConfigInputStage)
    i.TIM_TI2_ConfigInputStage               0x08006066   Section        0  stm32f1xx_hal_tim.o(i.TIM_TI2_ConfigInputStage)
    TIM_TI2_ConfigInputStage                 0x08006067   Thumb Code    36  stm32f1xx_hal_tim.o(i.TIM_TI2_ConfigInputStage)
    i.UsageFault_Handler                     0x0800608a   Section        0  stm32f1xx_it.o(i.UsageFault_Handler)
    i.__ARM_fpclassify                       0x0800608c   Section        0  fpclassify.o(i.__ARM_fpclassify)
    i.__NVIC_SetPriority                     0x080060b4   Section        0  stm32f1xx_hal_cortex.o(i.__NVIC_SetPriority)
    __NVIC_SetPriority                       0x080060b5   Thumb Code    32  stm32f1xx_hal_cortex.o(i.__NVIC_SetPriority)
    i._is_digit                              0x080060d4   Section        0  __printf_wp.o(i._is_digit)
    i.main                                   0x080060e2   Section        0  main.o(i.main)
    locale$$code                             0x08006128   Section       44  lc_numeric_c.o(locale$$code)
    x$fpl$dcheck1                            0x08006154   Section       16  dcheck1.o(x$fpl$dcheck1)
    x$fpl$dfixu                              0x08006164   Section       90  dfixu.o(x$fpl$dfixu)
    x$fpl$dfltu                              0x080061be   Section       38  dflt_clz.o(x$fpl$dfltu)
    x$fpl$dmul                               0x080061e4   Section      340  dmul.o(x$fpl$dmul)
    x$fpl$dnaninf                            0x08006338   Section      156  dnaninf.o(x$fpl$dnaninf)
    x$fpl$dretinf                            0x080063d4   Section       12  dretinf.o(x$fpl$dretinf)
    x$fpl$printf1                            0x080063e0   Section        4  printf1.o(x$fpl$printf1)
    x$fpl$retnan                             0x080063e4   Section      100  retnan.o(x$fpl$retnan)
    x$fpl$scalbn                             0x08006448   Section       92  scalbn.o(x$fpl$scalbn)
    x$fpl$trapveneer                         0x080064a4   Section       48  trapv.o(x$fpl$trapveneer)
    .constdata                               0x080064d4   Section       16  system_stm32f1xx.o(.constdata)
    x$fpl$usenofp                            0x080064d4   Section        0  usenofp.o(x$fpl$usenofp)
    .constdata                               0x080064e4   Section     6080  lcd.o(.constdata)
    .constdata                               0x08007ca4   Section       40  _printf_hex_int.o(.constdata)
    uc_hextab                                0x08007ca4   Data          20  _printf_hex_int.o(.constdata)
    lc_hextab                                0x08007cb8   Data          20  _printf_hex_int.o(.constdata)
    .constdata                               0x08007ccc   Section       17  __printf_flags_wp.o(.constdata)
    maptable                                 0x08007ccc   Data          17  __printf_flags_wp.o(.constdata)
    .constdata                               0x08007ce0   Section      148  bigflt0.o(.constdata)
    tenpwrs_x                                0x08007ce0   Data          60  bigflt0.o(.constdata)
    tenpwrs_i                                0x08007d1c   Data          64  bigflt0.o(.constdata)
    locale$$data                             0x08007d94   Section       28  lc_numeric_c.o(locale$$data)
    __lcnum_c_name                           0x08007d98   Data           2  lc_numeric_c.o(locale$$data)
    __lcnum_c_start                          0x08007da0   Data           0  lc_numeric_c.o(locale$$data)
    __lcnum_c_point                          0x08007dac   Data           0  lc_numeric_c.o(locale$$data)
    __lcnum_c_thousands                      0x08007dae   Data           0  lc_numeric_c.o(locale$$data)
    __lcnum_c_grouping                       0x08007daf   Data           0  lc_numeric_c.o(locale$$data)
    __lcnum_c_end                            0x08007db0   Data           0  lc_numeric_c.o(locale$$data)
    .data                                    0x20000000   Section        8  fsmc.o(.data)
    FSMC_Initialized                         0x20000000   Data           4  fsmc.o(.data)
    FSMC_DeInitialized                       0x20000004   Data           4  fsmc.o(.data)
    .data                                    0x20000008   Section       12  stm32f1xx_hal.o(.data)
    .data                                    0x20000014   Section        4  system_stm32f1xx.o(.data)
    .data                                    0x20000018   Section        8  lcd.o(.data)
    .bss                                     0x20000020   Section      116  adc.o(.bss)
    .bss                                     0x20000094   Section       72  fsmc.o(.bss)
    .bss                                     0x200000dc   Section       72  tim.o(.bss)
    .bss                                     0x20000124   Section       86  lcd.o(.bss)
    .bss                                     0x2000017a   Section     1400  adc_osc.o(.bss)
    .bss                                     0x200006f4   Section       96  libspace.o(.bss)
    HEAP                                     0x20000758   Section      512  startup_stm32f103xe.o(HEAP)
    Heap_Mem                                 0x20000758   Data         512  startup_stm32f103xe.o(HEAP)
    STACK                                    0x20000958   Section     1024  startup_stm32f103xe.o(STACK)
    Stack_Mem                                0x20000958   Data        1024  startup_stm32f103xe.o(STACK)
    __initial_sp                             0x20000d58   Data           0  startup_stm32f103xe.o(STACK)

    Global Symbols

    Symbol Name                              Value     Ov Type        Size  Object(Section)

    BuildAttributes$$THM_ISAv4$P$D$K$B$S$PE$A:L22UL41UL21$X:L11$S22US41US21$IEEE1$IW$USESV6$~STKCKD$USESV7$~SHL$OTIME$ROPI$IEEEJ$EBA8$UX$STANDARDLIB$REQ8$PRES8$EABIv2 0x00000000   Number         0  anon$$obj.o ABSOLUTE
    __ARM_use_no_argv                        0x00000000   Number         0  main.o ABSOLUTE
    _printf_flags                            0x00000000   Number         0  printf_stubs.o ABSOLUTE
    _printf_return_value                     0x00000000   Number         0  printf_stubs.o ABSOLUTE
    _printf_sizespec                         0x00000000   Number         0  printf_stubs.o ABSOLUTE
    _printf_widthprec                        0x00000000   Number         0  printf_stubs.o ABSOLUTE
    __ARM_exceptions_init                     - Undefined Weak Reference
    __alloca_initialize                       - Undefined Weak Reference
    __arm_fini_                               - Undefined Weak Reference
    __arm_preinit_                            - Undefined Weak Reference
    __cpp_initialize__aeabi_                  - Undefined Weak Reference
    __cxa_finalize                            - Undefined Weak Reference
    __sigvec_lookup                           - Undefined Weak Reference
    _atexit_init                              - Undefined Weak Reference
    _call_atexit_fns                          - Undefined Weak Reference
    _clock_init                               - Undefined Weak Reference
    _fp_trap_init                             - Undefined Weak Reference
    _fp_trap_shutdown                         - Undefined Weak Reference
    _get_lc_collate                           - Undefined Weak Reference
    _get_lc_ctype                             - Undefined Weak Reference
    _get_lc_monetary                          - Undefined Weak Reference
    _get_lc_time                              - Undefined Weak Reference
    _getenv_init                              - Undefined Weak Reference
    _handle_redirection                       - Undefined Weak Reference
    _init_alloc                               - Undefined Weak Reference
    _init_user_alloc                          - Undefined Weak Reference
    _initio                                   - Undefined Weak Reference
    _printf_truncate_signed                   - Undefined Weak Reference
    _printf_truncate_unsigned                 - Undefined Weak Reference
    _rand_init                                - Undefined Weak Reference
    _signal_finish                            - Undefined Weak Reference
    _signal_init                              - Undefined Weak Reference
    _terminate_alloc                          - Undefined Weak Reference
    _terminate_user_alloc                     - Undefined Weak Reference
    _terminateio                              - Undefined Weak Reference
    __Vectors_Size                           0x00000130   Number         0  startup_stm32f103xe.o ABSOLUTE
    __Vectors                                0x08000000   Data           4  startup_stm32f103xe.o(RESET)
    __Vectors_End                            0x08000130   Data           0  startup_stm32f103xe.o(RESET)
    __main                                   0x08000131   Thumb Code     8  __main.o(!!!main)
    __scatterload                            0x08000139   Thumb Code     0  __scatter.o(!!!scatter)
    __scatterload_rt2                        0x08000139   Thumb Code    44  __scatter.o(!!!scatter)
    __scatterload_rt2_thumb_only             0x08000139   Thumb Code     0  __scatter.o(!!!scatter)
    __scatterload_null                       0x08000147   Thumb Code     0  __scatter.o(!!!scatter)
    __scatterload_copy                       0x0800016d   Thumb Code    26  __scatter_copy.o(!!handler_copy)
    __scatterload_zeroinit                   0x08000189   Thumb Code    28  __scatter_zi.o(!!handler_zi)
    _printf_f                                0x080001a5   Thumb Code     0  _printf_f.o(.ARM.Collect$$_printf_percent$$00000003)
    _printf_percent                          0x080001a5   Thumb Code     0  _printf_percent.o(.ARM.Collect$$_printf_percent$$00000000)
    _printf_d                                0x080001ab   Thumb Code     0  _printf_d.o(.ARM.Collect$$_printf_percent$$00000009)
    _printf_x                                0x080001b1   Thumb Code     0  _printf_x.o(.ARM.Collect$$_printf_percent$$0000000C)
    _printf_percent_end                      0x080001b7   Thumb Code     0  _printf_percent_end.o(.ARM.Collect$$_printf_percent$$00000017)
    __rt_lib_init                            0x080001bb   Thumb Code     0  libinit.o(.ARM.Collect$$libinit$$00000000)
    __rt_lib_init_fp_1                       0x080001bd   Thumb Code     0  libinit2.o(.ARM.Collect$$libinit$$00000002)
    __rt_lib_init_heap_1                     0x080001bd   Thumb Code     0  libinit2.o(.ARM.Collect$$libinit$$0000000A)
    __rt_lib_init_lc_common                  0x080001bd   Thumb Code     0  libinit2.o(.ARM.Collect$$libinit$$0000000F)
    __rt_lib_init_preinit_1                  0x080001bd   Thumb Code     0  libinit2.o(.ARM.Collect$$libinit$$00000004)
    __rt_lib_init_rand_1                     0x080001bd   Thumb Code     0  libinit2.o(.ARM.Collect$$libinit$$0000000E)
    __rt_lib_init_user_alloc_1               0x080001bd   Thumb Code     0  libinit2.o(.ARM.Collect$$libinit$$0000000C)
    __rt_lib_init_lc_collate_1               0x080001c3   Thumb Code     0  libinit2.o(.ARM.Collect$$libinit$$00000011)
    __rt_lib_init_lc_ctype_1                 0x080001c3   Thumb Code     0  libinit2.o(.ARM.Collect$$libinit$$00000013)
    __rt_lib_init_lc_monetary_1              0x080001c3   Thumb Code     0  libinit2.o(.ARM.Collect$$libinit$$00000015)
    __rt_lib_init_lc_numeric_2               0x080001c3   Thumb Code     0  libinit2.o(.ARM.Collect$$libinit$$00000016)
    __rt_lib_init_alloca_1                   0x080001cd   Thumb Code     0  libinit2.o(.ARM.Collect$$libinit$$0000002E)
    __rt_lib_init_argv_1                     0x080001cd   Thumb Code     0  libinit2.o(.ARM.Collect$$libinit$$0000002C)
    __rt_lib_init_atexit_1                   0x080001cd   Thumb Code     0  libinit2.o(.ARM.Collect$$libinit$$0000001B)
    __rt_lib_init_clock_1                    0x080001cd   Thumb Code     0  libinit2.o(.ARM.Collect$$libinit$$00000021)
    __rt_lib_init_cpp_1                      0x080001cd   Thumb Code     0  libinit2.o(.ARM.Collect$$libinit$$00000032)
    __rt_lib_init_exceptions_1               0x080001cd   Thumb Code     0  libinit2.o(.ARM.Collect$$libinit$$00000030)
    __rt_lib_init_fp_trap_1                  0x080001cd   Thumb Code     0  libinit2.o(.ARM.Collect$$libinit$$0000001F)
    __rt_lib_init_getenv_1                   0x080001cd   Thumb Code     0  libinit2.o(.ARM.Collect$$libinit$$00000023)
    __rt_lib_init_lc_numeric_1               0x080001cd   Thumb Code     0  libinit2.o(.ARM.Collect$$libinit$$00000017)
    __rt_lib_init_lc_time_1                  0x080001cd   Thumb Code     0  libinit2.o(.ARM.Collect$$libinit$$00000019)
    __rt_lib_init_return                     0x080001cd   Thumb Code     0  libinit2.o(.ARM.Collect$$libinit$$00000033)
    __rt_lib_init_signal_1                   0x080001cd   Thumb Code     0  libinit2.o(.ARM.Collect$$libinit$$0000001D)
    __rt_lib_init_stdio_1                    0x080001cd   Thumb Code     0  libinit2.o(.ARM.Collect$$libinit$$00000025)
    __rt_lib_shutdown                        0x080001cf   Thumb Code     0  libshutdown.o(.ARM.Collect$$libshutdown$$00000000)
    __rt_lib_shutdown_cpp_1                  0x080001d1   Thumb Code     0  libshutdown2.o(.ARM.Collect$$libshutdown$$00000004)
    __rt_lib_shutdown_fini_1                 0x080001d1   Thumb Code     0  libshutdown2.o(.ARM.Collect$$libshutdown$$00000002)
    __rt_lib_shutdown_fp_trap_1              0x080001d1   Thumb Code     0  libshutdown2.o(.ARM.Collect$$libshutdown$$00000009)
    __rt_lib_shutdown_heap_1                 0x080001d1   Thumb Code     0  libshutdown2.o(.ARM.Collect$$libshutdown$$00000011)
    __rt_lib_shutdown_return                 0x080001d1   Thumb Code     0  libshutdown2.o(.ARM.Collect$$libshutdown$$00000012)
    __rt_lib_shutdown_signal_1               0x080001d1   Thumb Code     0  libshutdown2.o(.ARM.Collect$$libshutdown$$0000000C)
    __rt_lib_shutdown_stdio_1                0x080001d1   Thumb Code     0  libshutdown2.o(.ARM.Collect$$libshutdown$$00000006)
    __rt_lib_shutdown_user_alloc_1           0x080001d1   Thumb Code     0  libshutdown2.o(.ARM.Collect$$libshutdown$$0000000E)
    __rt_entry                               0x080001d3   Thumb Code     0  __rtentry.o(.ARM.Collect$$rtentry$$00000000)
    __rt_entry_presh_1                       0x080001d3   Thumb Code     0  __rtentry2.o(.ARM.Collect$$rtentry$$00000002)
    __rt_entry_sh                            0x080001d3   Thumb Code     0  __rtentry4.o(.ARM.Collect$$rtentry$$00000004)
    __rt_entry_li                            0x080001d9   Thumb Code     0  __rtentry2.o(.ARM.Collect$$rtentry$$0000000A)
    __rt_entry_postsh_1                      0x080001d9   Thumb Code     0  __rtentry2.o(.ARM.Collect$$rtentry$$00000009)
    __rt_entry_main                          0x080001dd   Thumb Code     0  __rtentry2.o(.ARM.Collect$$rtentry$$0000000D)
    __rt_entry_postli_1                      0x080001dd   Thumb Code     0  __rtentry2.o(.ARM.Collect$$rtentry$$0000000C)
    __rt_exit                                0x080001e5   Thumb Code     0  rtexit.o(.ARM.Collect$$rtexit$$00000000)
    __rt_exit_ls                             0x080001e7   Thumb Code     0  rtexit2.o(.ARM.Collect$$rtexit$$00000003)
    __rt_exit_prels_1                        0x080001e7   Thumb Code     0  rtexit2.o(.ARM.Collect$$rtexit$$00000002)
    __rt_exit_exit                           0x080001eb   Thumb Code     0  rtexit2.o(.ARM.Collect$$rtexit$$00000004)
    Reset_Handler                            0x080001f1   Thumb Code     8  startup_stm32f103xe.o(.text)
    ADC3_IRQHandler                          0x0800020b   Thumb Code     0  startup_stm32f103xe.o(.text)
    CAN1_RX1_IRQHandler                      0x0800020b   Thumb Code     0  startup_stm32f103xe.o(.text)
    CAN1_SCE_IRQHandler                      0x0800020b   Thumb Code     0  startup_stm32f103xe.o(.text)
    DMA1_Channel2_IRQHandler                 0x0800020b   Thumb Code     0  startup_stm32f103xe.o(.text)
    DMA1_Channel3_IRQHandler                 0x0800020b   Thumb Code     0  startup_stm32f103xe.o(.text)
    DMA1_Channel4_IRQHandler                 0x0800020b   Thumb Code     0  startup_stm32f103xe.o(.text)
    DMA1_Channel5_IRQHandler                 0x0800020b   Thumb Code     0  startup_stm32f103xe.o(.text)
    DMA1_Channel6_IRQHandler                 0x0800020b   Thumb Code     0  startup_stm32f103xe.o(.text)
    DMA1_Channel7_IRQHandler                 0x0800020b   Thumb Code     0  startup_stm32f103xe.o(.text)
    DMA2_Channel1_IRQHandler                 0x0800020b   Thumb Code     0  startup_stm32f103xe.o(.text)
    DMA2_Channel2_IRQHandler                 0x0800020b   Thumb Code     0  startup_stm32f103xe.o(.text)
    DMA2_Channel3_IRQHandler                 0x0800020b   Thumb Code     0  startup_stm32f103xe.o(.text)
    DMA2_Channel4_5_IRQHandler               0x0800020b   Thumb Code     0  startup_stm32f103xe.o(.text)
    EXTI0_IRQHandler                         0x0800020b   Thumb Code     0  startup_stm32f103xe.o(.text)
    EXTI15_10_IRQHandler                     0x0800020b   Thumb Code     0  startup_stm32f103xe.o(.text)
    EXTI1_IRQHandler                         0x0800020b   Thumb Code     0  startup_stm32f103xe.o(.text)
    EXTI2_IRQHandler                         0x0800020b   Thumb Code     0  startup_stm32f103xe.o(.text)
    EXTI3_IRQHandler                         0x0800020b   Thumb Code     0  startup_stm32f103xe.o(.text)
    EXTI4_IRQHandler                         0x0800020b   Thumb Code     0  startup_stm32f103xe.o(.text)
    EXTI9_5_IRQHandler                       0x0800020b   Thumb Code     0  startup_stm32f103xe.o(.text)
    FLASH_IRQHandler                         0x0800020b   Thumb Code     0  startup_stm32f103xe.o(.text)
    FSMC_IRQHandler                          0x0800020b   Thumb Code     0  startup_stm32f103xe.o(.text)
    I2C1_ER_IRQHandler                       0x0800020b   Thumb Code     0  startup_stm32f103xe.o(.text)
    I2C1_EV_IRQHandler                       0x0800020b   Thumb Code     0  startup_stm32f103xe.o(.text)
    I2C2_ER_IRQHandler                       0x0800020b   Thumb Code     0  startup_stm32f103xe.o(.text)
    I2C2_EV_IRQHandler                       0x0800020b   Thumb Code     0  startup_stm32f103xe.o(.text)
    PVD_IRQHandler                           0x0800020b   Thumb Code     0  startup_stm32f103xe.o(.text)
    RCC_IRQHandler                           0x0800020b   Thumb Code     0  startup_stm32f103xe.o(.text)
    RTC_Alarm_IRQHandler                     0x0800020b   Thumb Code     0  startup_stm32f103xe.o(.text)
    RTC_IRQHandler                           0x0800020b   Thumb Code     0  startup_stm32f103xe.o(.text)
    SDIO_IRQHandler                          0x0800020b   Thumb Code     0  startup_stm32f103xe.o(.text)
    SPI1_IRQHandler                          0x0800020b   Thumb Code     0  startup_stm32f103xe.o(.text)
    SPI2_IRQHandler                          0x0800020b   Thumb Code     0  startup_stm32f103xe.o(.text)
    SPI3_IRQHandler                          0x0800020b   Thumb Code     0  startup_stm32f103xe.o(.text)
    TAMPER_IRQHandler                        0x0800020b   Thumb Code     0  startup_stm32f103xe.o(.text)
    TIM1_BRK_IRQHandler                      0x0800020b   Thumb Code     0  startup_stm32f103xe.o(.text)
    TIM1_CC_IRQHandler                       0x0800020b   Thumb Code     0  startup_stm32f103xe.o(.text)
    TIM1_TRG_COM_IRQHandler                  0x0800020b   Thumb Code     0  startup_stm32f103xe.o(.text)
    TIM1_UP_IRQHandler                       0x0800020b   Thumb Code     0  startup_stm32f103xe.o(.text)
    TIM2_IRQHandler                          0x0800020b   Thumb Code     0  startup_stm32f103xe.o(.text)
    TIM3_IRQHandler                          0x0800020b   Thumb Code     0  startup_stm32f103xe.o(.text)
    TIM4_IRQHandler                          0x0800020b   Thumb Code     0  startup_stm32f103xe.o(.text)
    TIM5_IRQHandler                          0x0800020b   Thumb Code     0  startup_stm32f103xe.o(.text)
    TIM6_IRQHandler                          0x0800020b   Thumb Code     0  startup_stm32f103xe.o(.text)
    TIM7_IRQHandler                          0x0800020b   Thumb Code     0  startup_stm32f103xe.o(.text)
    TIM8_BRK_IRQHandler                      0x0800020b   Thumb Code     0  startup_stm32f103xe.o(.text)
    TIM8_CC_IRQHandler                       0x0800020b   Thumb Code     0  startup_stm32f103xe.o(.text)
    TIM8_TRG_COM_IRQHandler                  0x0800020b   Thumb Code     0  startup_stm32f103xe.o(.text)
    TIM8_UP_IRQHandler                       0x0800020b   Thumb Code     0  startup_stm32f103xe.o(.text)
    UART4_IRQHandler                         0x0800020b   Thumb Code     0  startup_stm32f103xe.o(.text)
    UART5_IRQHandler                         0x0800020b   Thumb Code     0  startup_stm32f103xe.o(.text)
    USART1_IRQHandler                        0x0800020b   Thumb Code     0  startup_stm32f103xe.o(.text)
    USART2_IRQHandler                        0x0800020b   Thumb Code     0  startup_stm32f103xe.o(.text)
    USART3_IRQHandler                        0x0800020b   Thumb Code     0  startup_stm32f103xe.o(.text)
    USBWakeUp_IRQHandler                     0x0800020b   Thumb Code     0  startup_stm32f103xe.o(.text)
    USB_HP_CAN1_TX_IRQHandler                0x0800020b   Thumb Code     0  startup_stm32f103xe.o(.text)
    USB_LP_CAN1_RX0_IRQHandler               0x0800020b   Thumb Code     0  startup_stm32f103xe.o(.text)
    WWDG_IRQHandler                          0x0800020b   Thumb Code     0  startup_stm32f103xe.o(.text)
    __user_initial_stackheap                 0x0800020d   Thumb Code     0  startup_stm32f103xe.o(.text)
    __2sprintf                               0x08000231   Thumb Code    34  noretval__2sprintf.o(.text)
    _printf_pre_padding                      0x08000259   Thumb Code    44  _printf_pad.o(.text)
    _printf_post_padding                     0x08000285   Thumb Code    34  _printf_pad.o(.text)
    _printf_int_dec                          0x080002a9   Thumb Code   104  _printf_dec.o(.text)
    _printf_int_hex                          0x08000321   Thumb Code    84  _printf_hex_int.o(.text)
    _printf_longlong_hex                     0x08000321   Thumb Code     0  _printf_hex_int.o(.text)
    __printf                                 0x08000379   Thumb Code   308  __printf_flags_wp.o(.text)
    __aeabi_memclr4                          0x080004b1   Thumb Code     0  rt_memclr_w.o(.text)
    __aeabi_memclr8                          0x080004b1   Thumb Code     0  rt_memclr_w.o(.text)
    __rt_memclr_w                            0x080004b1   Thumb Code    78  rt_memclr_w.o(.text)
    _memset_w                                0x080004b5   Thumb Code     0  rt_memclr_w.o(.text)
    __use_two_region_memory                  0x080004ff   Thumb Code     2  heapauxi.o(.text)
    __rt_heap_escrow$2region                 0x08000501   Thumb Code     2  heapauxi.o(.text)
    __rt_heap_expand$2region                 0x08000503   Thumb Code     2  heapauxi.o(.text)
    _printf_int_common                       0x08000505   Thumb Code   178  _printf_intcommon.o(.text)
    __lib_sel_fp_printf                      0x080005b7   Thumb Code     2  _printf_fp_dec.o(.text)
    _printf_fp_dec_real                      0x08000769   Thumb Code   620  _printf_fp_dec.o(.text)
    _printf_char_common                      0x080009df   Thumb Code    32  _printf_char_common.o(.text)
    _sputc                                   0x08000a05   Thumb Code    10  _sputc.o(.text)
    __rt_locale                              0x08000a11   Thumb Code     8  rt_locale_intlibspace.o(.text)
    _ll_udiv10                               0x08000a19   Thumb Code   138  lludiv10.o(.text)
    _printf_fp_infnan                        0x08000aa5   Thumb Code   112  _printf_fp_infnan.o(.text)
    _btod_etento                             0x08000b25   Thumb Code   224  bigflt0.o(.text)
    __user_libspace                          0x08000c09   Thumb Code     8  libspace.o(.text)
    __user_perproc_libspace                  0x08000c09   Thumb Code     0  libspace.o(.text)
    __user_perthread_libspace                0x08000c09   Thumb Code     0  libspace.o(.text)
    __user_setup_stackheap                   0x08000c11   Thumb Code    74  sys_stackheap_outer.o(.text)
    exit                                     0x08000c5b   Thumb Code    18  exit.o(.text)
    strcmp                                   0x08000c6d   Thumb Code   128  strcmpv7m.o(.text)
    _sys_exit                                0x08000ced   Thumb Code     8  sys_exit.o(.text)
    __I$use$semihosting                      0x08000cf9   Thumb Code     0  use_no_semi.o(.text)
    __use_no_semihosting_swi                 0x08000cf9   Thumb Code     2  use_no_semi.o(.text)
    __semihosting_library_function           0x08000cfb   Thumb Code     0  indicate_semi.o(.text)
    _btod_d2e                                0x08000cfb   Thumb Code    62  btod.o(CL$$btod_d2e)
    _d2e_denorm_low                          0x08000d39   Thumb Code    70  btod.o(CL$$btod_d2e_denorm_low)
    _d2e_norm_op1                            0x08000d7f   Thumb Code    96  btod.o(CL$$btod_d2e_norm_op1)
    __btod_div_common                        0x08000ddf   Thumb Code   696  btod.o(CL$$btod_div_common)
    _e2e                                     0x08001117   Thumb Code   220  btod.o(CL$$btod_e2e)
    _btod_ediv                               0x080011f3   Thumb Code    42  btod.o(CL$$btod_ediv)
    _btod_emul                               0x0800121d   Thumb Code    42  btod.o(CL$$btod_emul)
    __btod_mult_common                       0x08001247   Thumb Code   580  btod.o(CL$$btod_mult_common)
    ADC1_2_IRQHandler                        0x0800148d   Thumb Code     6  stm32f1xx_it.o(i.ADC1_2_IRQHandler)
    ADC_ConversionStop_Disable               0x08001499   Thumb Code    86  stm32f1xx_hal_adc.o(i.ADC_ConversionStop_Disable)
    ADC_DMAConvCplt                          0x080014ef   Thumb Code    78  stm32f1xx_hal_adc.o(i.ADC_DMAConvCplt)
    ADC_DMAError                             0x0800153d   Thumb Code    26  stm32f1xx_hal_adc.o(i.ADC_DMAError)
    ADC_DMAHalfConvCplt                      0x08001557   Thumb Code    10  stm32f1xx_hal_adc.o(i.ADC_DMAHalfConvCplt)
    ADC_Enable                               0x08001561   Thumb Code   114  stm32f1xx_hal_adc.o(i.ADC_Enable)
    BusFault_Handler                         0x080015dd   Thumb Code     2  stm32f1xx_it.o(i.BusFault_Handler)
    DMA1_Channel1_IRQHandler                 0x080015e1   Thumb Code     6  stm32f1xx_it.o(i.DMA1_Channel1_IRQHandler)
    DebugMon_Handler                         0x08001617   Thumb Code     2  stm32f1xx_it.o(i.DebugMon_Handler)
    Error_Handler                            0x08001619   Thumb Code     4  main.o(i.Error_Handler)
    FSMC_NORSRAM_Extended_Timing_Init        0x0800161d   Thumb Code    56  stm32f1xx_ll_fsmc.o(i.FSMC_NORSRAM_Extended_Timing_Init)
    FSMC_NORSRAM_Init                        0x08001659   Thumb Code    98  stm32f1xx_ll_fsmc.o(i.FSMC_NORSRAM_Init)
    FSMC_NORSRAM_Timing_Init                 0x080016c1   Thumb Code    64  stm32f1xx_ll_fsmc.o(i.FSMC_NORSRAM_Timing_Init)
    HAL_ADCEx_InjectedConvCpltCallback       0x08001705   Thumb Code     2  stm32f1xx_hal_adc_ex.o(i.HAL_ADCEx_InjectedConvCpltCallback)
    HAL_ADC_ConfigChannel                    0x08001709   Thumb Code   240  stm32f1xx_hal_adc.o(i.HAL_ADC_ConfigChannel)
    HAL_ADC_ConvCpltCallback                 0x08001805   Thumb Code    86  adc_osc.o(i.HAL_ADC_ConvCpltCallback)
    HAL_ADC_ConvHalfCpltCallback             0x08001875   Thumb Code     2  stm32f1xx_hal_adc.o(i.HAL_ADC_ConvHalfCpltCallback)
    HAL_ADC_ErrorCallback                    0x08001877   Thumb Code     2  stm32f1xx_hal_adc.o(i.HAL_ADC_ErrorCallback)
    HAL_ADC_IRQHandler                       0x08001879   Thumb Code   230  stm32f1xx_hal_adc.o(i.HAL_ADC_IRQHandler)
    HAL_ADC_Init                             0x08001961   Thumb Code   272  stm32f1xx_hal_adc.o(i.HAL_ADC_Init)
    HAL_ADC_LevelOutOfWindowCallback         0x08001a81   Thumb Code     2  stm32f1xx_hal_adc.o(i.HAL_ADC_LevelOutOfWindowCallback)
    HAL_ADC_MspInit                          0x08001a85   Thumb Code   138  adc.o(i.HAL_ADC_MspInit)
    HAL_ADC_Start_DMA                        0x08001b25   Thumb Code   246  stm32f1xx_hal_adc.o(i.HAL_ADC_Start_DMA)
    HAL_DMA_IRQHandler                       0x08001c31   Thumb Code   552  stm32f1xx_hal_dma.o(i.HAL_DMA_IRQHandler)
    HAL_DMA_Init                             0x08001e79   Thumb Code   112  stm32f1xx_hal_dma.o(i.HAL_DMA_Init)
    HAL_DMA_Start_IT                         0x08001ef5   Thumb Code   112  stm32f1xx_hal_dma.o(i.HAL_DMA_Start_IT)
    HAL_Delay                                0x08001f65   Thumb Code    32  stm32f1xx_hal.o(i.HAL_Delay)
    HAL_GPIO_Init                            0x08002009   Thumb Code   462  stm32f1xx_hal_gpio.o(i.HAL_GPIO_Init)
    HAL_GPIO_TogglePin                       0x08002201   Thumb Code    16  stm32f1xx_hal_gpio.o(i.HAL_GPIO_TogglePin)
    HAL_GPIO_WritePin                        0x08002211   Thumb Code    10  stm32f1xx_hal_gpio.o(i.HAL_GPIO_WritePin)
    HAL_GetTick                              0x0800221d   Thumb Code     6  stm32f1xx_hal.o(i.HAL_GetTick)
    HAL_IncTick                              0x08002229   Thumb Code    12  stm32f1xx_hal.o(i.HAL_IncTick)
    HAL_Init                                 0x08002239   Thumb Code    32  stm32f1xx_hal.o(i.HAL_Init)
    HAL_InitTick                             0x0800225d   Thumb Code    54  stm32f1xx_hal.o(i.HAL_InitTick)
    HAL_MspInit                              0x0800229d   Thumb Code    52  stm32f1xx_hal_msp.o(i.HAL_MspInit)
    HAL_NVIC_EnableIRQ                       0x080022d9   Thumb Code    26  stm32f1xx_hal_cortex.o(i.HAL_NVIC_EnableIRQ)
    HAL_NVIC_SetPriority                     0x080022f5   Thumb Code    60  stm32f1xx_hal_cortex.o(i.HAL_NVIC_SetPriority)
    HAL_NVIC_SetPriorityGrouping             0x08002335   Thumb Code    26  stm32f1xx_hal_cortex.o(i.HAL_NVIC_SetPriorityGrouping)
    HAL_RCCEx_PeriphCLKConfig                0x08002359   Thumb Code   224  stm32f1xx_hal_rcc_ex.o(i.HAL_RCCEx_PeriphCLKConfig)
    HAL_RCC_ClockConfig                      0x08002445   Thumb Code   280  stm32f1xx_hal_rcc.o(i.HAL_RCC_ClockConfig)
    HAL_RCC_GetSysClockFreq                  0x08002571   Thumb Code    74  stm32f1xx_hal_rcc.o(i.HAL_RCC_GetSysClockFreq)
    HAL_RCC_OscConfig                        0x080025dd   Thumb Code   778  stm32f1xx_hal_rcc.o(i.HAL_RCC_OscConfig)
    HAL_SRAM_Init                            0x080028fd   Thumb Code   100  stm32f1xx_hal_sram.o(i.HAL_SRAM_Init)
    HAL_SRAM_MspInit                         0x08002961   Thumb Code     4  fsmc.o(i.HAL_SRAM_MspInit)
    HAL_SYSTICK_Config                       0x08002965   Thumb Code    40  stm32f1xx_hal_cortex.o(i.HAL_SYSTICK_Config)
    HAL_TIMEx_MasterConfigSynchronization    0x0800298d   Thumb Code   104  stm32f1xx_hal_tim_ex.o(i.HAL_TIMEx_MasterConfigSynchronization)
    HAL_TIM_Base_Init                        0x08002a09   Thumb Code    90  stm32f1xx_hal_tim.o(i.HAL_TIM_Base_Init)
    HAL_TIM_Base_MspInit                     0x08002a65   Thumb Code    30  tim.o(i.HAL_TIM_Base_MspInit)
    HAL_TIM_ConfigClockSource                0x08002a8d   Thumb Code   214  stm32f1xx_hal_tim.o(i.HAL_TIM_ConfigClockSource)
    HardFault_Handler                        0x08002b63   Thumb Code     2  stm32f1xx_it.o(i.HardFault_Handler)
    LCD_ArrangedDashed                       0x08002b65   Thumb Code   126  lcd.o(i.LCD_ArrangedDashed)
    LCD_ArrangedHoriDashed                   0x08002be3   Thumb Code   114  lcd.o(i.LCD_ArrangedHoriDashed)
    LCD_Clear                                0x08002c55   Thumb Code    42  lcd.o(i.LCD_Clear)
    LCD_CrossShape                           0x08002c89   Thumb Code    40  lcd.o(i.LCD_CrossShape)
    LCD_DisplayOn                            0x08002cb1   Thumb Code    32  lcd.o(i.LCD_DisplayOn)
    LCD_Display_Dir                          0x08002cd5   Thumb Code   298  lcd.o(i.LCD_Display_Dir)
    LCD_DrawLine                             0x08002e05   Thumb Code   176  lcd.o(i.LCD_DrawLine)
    LCD_DrawPoint                            0x08002eb5   Thumb Code    28  lcd.o(i.LCD_DrawPoint)
    LCD_DrawRectangle                        0x08002ed9   Thumb Code    60  lcd.o(i.LCD_DrawRectangle)
    LCD_Fast_DrawPoint                       0x08002f15   Thumb Code   232  lcd.o(i.LCD_Fast_DrawPoint)
    LCD_Fill                                 0x08003005   Thumb Code    80  lcd.o(i.LCD_Fill)
    LCD_Init                                 0x08003059   Thumb Code  9560  lcd.o(i.LCD_Init)
    LCD_RD_DATA                              0x080055b5   Thumb Code     6  lcd.o(i.LCD_RD_DATA)
    LCD_SSD_BackLightSet                     0x080055c1   Thumb Code    80  lcd.o(i.LCD_SSD_BackLightSet)
    LCD_Scan_Dir                             0x08005615   Thumb Code   560  lcd.o(i.LCD_Scan_Dir)
    LCD_SetCursor                            0x08005849   Thumb Code   282  lcd.o(i.LCD_SetCursor)
    LCD_ShowChar                             0x08005969   Thumb Code   276  lcd.o(i.LCD_ShowChar)
    LCD_ShowString                           0x08005a95   Thumb Code   102  lcd.o(i.LCD_ShowString)
    LCD_WR_DATA                              0x08005afd   Thumb Code     8  lcd.o(i.LCD_WR_DATA)
    LCD_WR_REG                               0x08005b09   Thumb Code     8  lcd.o(i.LCD_WR_REG)
    LCD_WriteRAM_Prepare                     0x08005b15   Thumb Code    10  lcd.o(i.LCD_WriteRAM_Prepare)
    LCD_WriteReg                             0x08005b29   Thumb Code    10  lcd.o(i.LCD_WriteReg)
    MX_ADC1_Init                             0x08005b39   Thumb Code    70  adc.o(i.MX_ADC1_Init)
    MX_DMA_Init                              0x08005b89   Thumb Code    40  dma.o(i.MX_DMA_Init)
    MX_FSMC_Init                             0x08005bb5   Thumb Code   134  fsmc.o(i.MX_FSMC_Init)
    MX_GPIO_Init                             0x08005c49   Thumb Code   162  gpio.o(i.MX_GPIO_Init)
    MX_TIM3_Init                             0x08005cf9   Thumb Code    94  tim.o(i.MX_TIM3_Init)
    MemManage_Handler                        0x08005d61   Thumb Code     2  stm32f1xx_it.o(i.MemManage_Handler)
    NMI_Handler                              0x08005d63   Thumb Code     2  stm32f1xx_it.o(i.NMI_Handler)
    OS_ADC_Config                            0x08005d65   Thumb Code   104  adc_osc.o(i.OS_ADC_Config)
    OS_ADC_DMA                               0x08005dd5   Thumb Code    12  adc_osc.o(i.OS_ADC_DMA)
    Osc_TFT_Windows                          0x08005de9   Thumb Code   240  oscilloscope.o(i.Osc_TFT_Windows)
    PendSV_Handler                           0x08005f11   Thumb Code     2  stm32f1xx_it.o(i.PendSV_Handler)
    SVC_Handler                              0x08005f13   Thumb Code     2  stm32f1xx_it.o(i.SVC_Handler)
    SysTick_Handler                          0x08005f15   Thumb Code     4  stm32f1xx_it.o(i.SysTick_Handler)
    SystemClock_Config                       0x08005f19   Thumb Code   122  main.o(i.SystemClock_Config)
    SystemInit                               0x08005f93   Thumb Code     2  system_stm32f1xx.o(i.SystemInit)
    TIM_Base_SetConfig                       0x08005f95   Thumb Code   120  stm32f1xx_hal_tim.o(i.TIM_Base_SetConfig)
    TIM_ETR_SetConfig                        0x08006021   Thumb Code    20  stm32f1xx_hal_tim.o(i.TIM_ETR_SetConfig)
    UsageFault_Handler                       0x0800608b   Thumb Code     2  stm32f1xx_it.o(i.UsageFault_Handler)
    __ARM_fpclassify                         0x0800608d   Thumb Code    40  fpclassify.o(i.__ARM_fpclassify)
    _is_digit                                0x080060d5   Thumb Code    14  __printf_wp.o(i._is_digit)
    main                                     0x080060e3   Thumb Code    68  main.o(i.main)
    _get_lc_numeric                          0x08006129   Thumb Code    44  lc_numeric_c.o(locale$$code)
    __fpl_dcheck_NaN1                        0x08006155   Thumb Code    10  dcheck1.o(x$fpl$dcheck1)
    __aeabi_d2uiz                            0x08006165   Thumb Code     0  dfixu.o(x$fpl$dfixu)
    _dfixu                                   0x08006165   Thumb Code    90  dfixu.o(x$fpl$dfixu)
    __aeabi_ui2d                             0x080061bf   Thumb Code     0  dflt_clz.o(x$fpl$dfltu)
    _dfltu                                   0x080061bf   Thumb Code    38  dflt_clz.o(x$fpl$dfltu)
    __aeabi_dmul                             0x080061e5   Thumb Code     0  dmul.o(x$fpl$dmul)
    _dmul                                    0x080061e5   Thumb Code   332  dmul.o(x$fpl$dmul)
    __fpl_dnaninf                            0x08006339   Thumb Code   156  dnaninf.o(x$fpl$dnaninf)
    __fpl_dretinf                            0x080063d5   Thumb Code    12  dretinf.o(x$fpl$dretinf)
    _printf_fp_dec                           0x080063e1   Thumb Code     4  printf1.o(x$fpl$printf1)
    __fpl_return_NaN                         0x080063e5   Thumb Code   100  retnan.o(x$fpl$retnan)
    __ARM_scalbn                             0x08006449   Thumb Code    92  scalbn.o(x$fpl$scalbn)
    __fpl_cmpreturn                          0x080064a5   Thumb Code    48  trapv.o(x$fpl$trapveneer)
    AHBPrescTable                            0x080064d4   Data          16  system_stm32f1xx.o(.constdata)
    __I$use$fp                               0x080064d4   Number         0  usenofp.o(x$fpl$usenofp)
    asc2_1206                                0x080064e4   Data        1140  lcd.o(.constdata)
    asc2_1608                                0x08006958   Data        1520  lcd.o(.constdata)
    asc2_2412                                0x08006f48   Data        3420  lcd.o(.constdata)
    Region$$Table$$Base                      0x08007d74   Number         0  anon$$obj.o(Region$$Table)
    Region$$Table$$Limit                     0x08007d94   Number         0  anon$$obj.o(Region$$Table)
    uwTickFreq                               0x20000008   Data           1  stm32f1xx_hal.o(.data)
    uwTickPrio                               0x2000000c   Data           4  stm32f1xx_hal.o(.data)
    uwTick                                   0x20000010   Data           4  stm32f1xx_hal.o(.data)
    SystemCoreClock                          0x20000014   Data           4  system_stm32f1xx.o(.data)
    POINT_COLOR                              0x20000018   Data           4  lcd.o(.data)
    BACK_COLOR                               0x2000001c   Data           4  lcd.o(.data)
    hadc1                                    0x20000020   Data          48  adc.o(.bss)
    hdma_adc1                                0x20000050   Data          68  adc.o(.bss)
    hsram4                                   0x20000094   Data          72  fsmc.o(.bss)
    htim3                                    0x200000dc   Data          72  tim.o(.bss)
    TFTSRAM_Handler                          0x20000124   Data          72  lcd.o(.bss)
    lcddev                                   0x2000016c   Data          14  lcd.o(.bss)
    ADC_BUFF                                 0x2000017a   Data        1400  adc_osc.o(.bss)
    __libspace_start                         0x200006f4   Data          96  libspace.o(.bss)
    __temporary_stack_top$libspace           0x20000754   Data           0  libspace.o(.bss)



==============================================================================

Memory Map of the image

  Image Entry point : 0x08000131

  Load Region LR_IROM1 (Base: 0x08000000, Size: 0x00007dd0, Max: 0x00080000, ABSOLUTE)

    Execution Region ER_IROM1 (Exec base: 0x08000000, Load base: 0x08000000, Size: 0x00007db0, Max: 0x00080000, ABSOLUTE)

    Exec Addr    Load Addr    Size         Type   Attr      Idx    E Section Name        Object

    0x08000000   0x08000000   0x00000130   Data   RO            3    RESET               startup_stm32f103xe.o
    0x08000130   0x08000130   0x00000008   Code   RO         3541  * !!!main             c_w.l(__main.o)
    0x08000138   0x08000138   0x00000034   Code   RO         3781    !!!scatter          c_w.l(__scatter.o)
    0x0800016c   0x0800016c   0x0000001a   Code   RO         3783    !!handler_copy      c_w.l(__scatter_copy.o)
    0x08000186   0x08000186   0x00000002   PAD
    0x08000188   0x08000188   0x0000001c   Code   RO         3785    !!handler_zi        c_w.l(__scatter_zi.o)
    0x080001a4   0x080001a4   0x00000000   Code   RO         3536    .ARM.Collect$$_printf_percent$$00000000  c_w.l(_printf_percent.o)
    0x080001a4   0x080001a4   0x00000006   Code   RO         3535    .ARM.Collect$$_printf_percent$$00000003  c_w.l(_printf_f.o)
    0x080001aa   0x080001aa   0x00000006   Code   RO         3534    .ARM.Collect$$_printf_percent$$00000009  c_w.l(_printf_d.o)
    0x080001b0   0x080001b0   0x00000006   Code   RO         3533    .ARM.Collect$$_printf_percent$$0000000C  c_w.l(_printf_x.o)
    0x080001b6   0x080001b6   0x00000004   Code   RO         3568    .ARM.Collect$$_printf_percent$$00000017  c_w.l(_printf_percent_end.o)
    0x080001ba   0x080001ba   0x00000002   Code   RO         3650    .ARM.Collect$$libinit$$00000000  c_w.l(libinit.o)
    0x080001bc   0x080001bc   0x00000000   Code   RO         3652    .ARM.Collect$$libinit$$00000002  c_w.l(libinit2.o)
    0x080001bc   0x080001bc   0x00000000   Code   RO         3654    .ARM.Collect$$libinit$$00000004  c_w.l(libinit2.o)
    0x080001bc   0x080001bc   0x00000000   Code   RO         3657    .ARM.Collect$$libinit$$0000000A  c_w.l(libinit2.o)
    0x080001bc   0x080001bc   0x00000000   Code   RO         3659    .ARM.Collect$$libinit$$0000000C  c_w.l(libinit2.o)
    0x080001bc   0x080001bc   0x00000000   Code   RO         3661    .ARM.Collect$$libinit$$0000000E  c_w.l(libinit2.o)
    0x080001bc   0x080001bc   0x00000006   Code   RO         3662    .ARM.Collect$$libinit$$0000000F  c_w.l(libinit2.o)
    0x080001c2   0x080001c2   0x00000000   Code   RO         3664    .ARM.Collect$$libinit$$00000011  c_w.l(libinit2.o)
    0x080001c2   0x080001c2   0x00000000   Code   RO         3666    .ARM.Collect$$libinit$$00000013  c_w.l(libinit2.o)
    0x080001c2   0x080001c2   0x00000000   Code   RO         3668    .ARM.Collect$$libinit$$00000015  c_w.l(libinit2.o)
    0x080001c2   0x080001c2   0x0000000a   Code   RO         3669    .ARM.Collect$$libinit$$00000016  c_w.l(libinit2.o)
    0x080001cc   0x080001cc   0x00000000   Code   RO         3670    .ARM.Collect$$libinit$$00000017  c_w.l(libinit2.o)
    0x080001cc   0x080001cc   0x00000000   Code   RO         3672    .ARM.Collect$$libinit$$00000019  c_w.l(libinit2.o)
    0x080001cc   0x080001cc   0x00000000   Code   RO         3674    .ARM.Collect$$libinit$$0000001B  c_w.l(libinit2.o)
    0x080001cc   0x080001cc   0x00000000   Code   RO         3676    .ARM.Collect$$libinit$$0000001D  c_w.l(libinit2.o)
    0x080001cc   0x080001cc   0x00000000   Code   RO         3678    .ARM.Collect$$libinit$$0000001F  c_w.l(libinit2.o)
    0x080001cc   0x080001cc   0x00000000   Code   RO         3680    .ARM.Collect$$libinit$$00000021  c_w.l(libinit2.o)
    0x080001cc   0x080001cc   0x00000000   Code   RO         3682    .ARM.Collect$$libinit$$00000023  c_w.l(libinit2.o)
    0x080001cc   0x080001cc   0x00000000   Code   RO         3684    .ARM.Collect$$libinit$$00000025  c_w.l(libinit2.o)
    0x080001cc   0x080001cc   0x00000000   Code   RO         3688    .ARM.Collect$$libinit$$0000002C  c_w.l(libinit2.o)
    0x080001cc   0x080001cc   0x00000000   Code   RO         3690    .ARM.Collect$$libinit$$0000002E  c_w.l(libinit2.o)
    0x080001cc   0x080001cc   0x00000000   Code   RO         3692    .ARM.Collect$$libinit$$00000030  c_w.l(libinit2.o)
    0x080001cc   0x080001cc   0x00000000   Code   RO         3694    .ARM.Collect$$libinit$$00000032  c_w.l(libinit2.o)
    0x080001cc   0x080001cc   0x00000002   Code   RO         3695    .ARM.Collect$$libinit$$00000033  c_w.l(libinit2.o)
    0x080001ce   0x080001ce   0x00000002   Code   RO         3727    .ARM.Collect$$libshutdown$$00000000  c_w.l(libshutdown.o)
    0x080001d0   0x080001d0   0x00000000   Code   RO         3738    .ARM.Collect$$libshutdown$$00000002  c_w.l(libshutdown2.o)
    0x080001d0   0x080001d0   0x00000000   Code   RO         3740    .ARM.Collect$$libshutdown$$00000004  c_w.l(libshutdown2.o)
    0x080001d0   0x080001d0   0x00000000   Code   RO         3742    .ARM.Collect$$libshutdown$$00000006  c_w.l(libshutdown2.o)
    0x080001d0   0x080001d0   0x00000000   Code   RO         3745    .ARM.Collect$$libshutdown$$00000009  c_w.l(libshutdown2.o)
    0x080001d0   0x080001d0   0x00000000   Code   RO         3748    .ARM.Collect$$libshutdown$$0000000C  c_w.l(libshutdown2.o)
    0x080001d0   0x080001d0   0x00000000   Code   RO         3750    .ARM.Collect$$libshutdown$$0000000E  c_w.l(libshutdown2.o)
    0x080001d0   0x080001d0   0x00000000   Code   RO         3753    .ARM.Collect$$libshutdown$$00000011  c_w.l(libshutdown2.o)
    0x080001d0   0x080001d0   0x00000002   Code   RO         3754    .ARM.Collect$$libshutdown$$00000012  c_w.l(libshutdown2.o)
    0x080001d2   0x080001d2   0x00000000   Code   RO         3559    .ARM.Collect$$rtentry$$00000000  c_w.l(__rtentry.o)
    0x080001d2   0x080001d2   0x00000000   Code   RO         3577    .ARM.Collect$$rtentry$$00000002  c_w.l(__rtentry2.o)
    0x080001d2   0x080001d2   0x00000006   Code   RO         3589    .ARM.Collect$$rtentry$$00000004  c_w.l(__rtentry4.o)
    0x080001d8   0x080001d8   0x00000000   Code   RO         3579    .ARM.Collect$$rtentry$$00000009  c_w.l(__rtentry2.o)
    0x080001d8   0x080001d8   0x00000004   Code   RO         3580    .ARM.Collect$$rtentry$$0000000A  c_w.l(__rtentry2.o)
    0x080001dc   0x080001dc   0x00000000   Code   RO         3582    .ARM.Collect$$rtentry$$0000000C  c_w.l(__rtentry2.o)
    0x080001dc   0x080001dc   0x00000008   Code   RO         3583    .ARM.Collect$$rtentry$$0000000D  c_w.l(__rtentry2.o)
    0x080001e4   0x080001e4   0x00000002   Code   RO         3698    .ARM.Collect$$rtexit$$00000000  c_w.l(rtexit.o)
    0x080001e6   0x080001e6   0x00000000   Code   RO         3705    .ARM.Collect$$rtexit$$00000002  c_w.l(rtexit2.o)
    0x080001e6   0x080001e6   0x00000004   Code   RO         3706    .ARM.Collect$$rtexit$$00000003  c_w.l(rtexit2.o)
    0x080001ea   0x080001ea   0x00000006   Code   RO         3707    .ARM.Collect$$rtexit$$00000004  c_w.l(rtexit2.o)
    0x080001f0   0x080001f0   0x00000040   Code   RO            4    .text               startup_stm32f103xe.o
    0x08000230   0x08000230   0x00000028   Code   RO         3484    .text               c_w.l(noretval__2sprintf.o)
    0x08000258   0x08000258   0x0000004e   Code   RO         3488    .text               c_w.l(_printf_pad.o)
    0x080002a6   0x080002a6   0x00000002   PAD
    0x080002a8   0x080002a8   0x00000078   Code   RO         3490    .text               c_w.l(_printf_dec.o)
    0x08000320   0x08000320   0x00000058   Code   RO         3495    .text               c_w.l(_printf_hex_int.o)
    0x08000378   0x08000378   0x00000138   Code   RO         3525    .text               c_w.l(__printf_flags_wp.o)
    0x080004b0   0x080004b0   0x0000004e   Code   RO         3537    .text               c_w.l(rt_memclr_w.o)
    0x080004fe   0x080004fe   0x00000006   Code   RO         3539    .text               c_w.l(heapauxi.o)
    0x08000504   0x08000504   0x000000b2   Code   RO         3560    .text               c_w.l(_printf_intcommon.o)
    0x080005b6   0x080005b6   0x0000041e   Code   RO         3562    .text               c_w.l(_printf_fp_dec.o)
    0x080009d4   0x080009d4   0x00000030   Code   RO         3564    .text               c_w.l(_printf_char_common.o)
    0x08000a04   0x08000a04   0x0000000a   Code   RO         3566    .text               c_w.l(_sputc.o)
    0x08000a0e   0x08000a0e   0x00000002   PAD
    0x08000a10   0x08000a10   0x00000008   Code   RO         3594    .text               c_w.l(rt_locale_intlibspace.o)
    0x08000a18   0x08000a18   0x0000008a   Code   RO         3596    .text               c_w.l(lludiv10.o)
    0x08000aa2   0x08000aa2   0x00000002   PAD
    0x08000aa4   0x08000aa4   0x00000080   Code   RO         3598    .text               c_w.l(_printf_fp_infnan.o)
    0x08000b24   0x08000b24   0x000000e4   Code   RO         3602    .text               c_w.l(bigflt0.o)
    0x08000c08   0x08000c08   0x00000008   Code   RO         3636    .text               c_w.l(libspace.o)
    0x08000c10   0x08000c10   0x0000004a   Code   RO         3639    .text               c_w.l(sys_stackheap_outer.o)
    0x08000c5a   0x08000c5a   0x00000012   Code   RO         3641    .text               c_w.l(exit.o)
    0x08000c6c   0x08000c6c   0x00000080   Code   RO         3643    .text               c_w.l(strcmpv7m.o)
    0x08000cec   0x08000cec   0x0000000c   Code   RO         3717    .text               c_w.l(sys_exit.o)
    0x08000cf8   0x08000cf8   0x00000002   Code   RO         3728    .text               c_w.l(use_no_semi.o)
    0x08000cfa   0x08000cfa   0x00000000   Code   RO         3730    .text               c_w.l(indicate_semi.o)
    0x08000cfa   0x08000cfa   0x0000003e   Code   RO         3605    CL$$btod_d2e        c_w.l(btod.o)
    0x08000d38   0x08000d38   0x00000046   Code   RO         3607    CL$$btod_d2e_denorm_low  c_w.l(btod.o)
    0x08000d7e   0x08000d7e   0x00000060   Code   RO         3606    CL$$btod_d2e_norm_op1  c_w.l(btod.o)
    0x08000dde   0x08000dde   0x00000338   Code   RO         3615    CL$$btod_div_common  c_w.l(btod.o)
    0x08001116   0x08001116   0x000000dc   Code   RO         3612    CL$$btod_e2e        c_w.l(btod.o)
    0x080011f2   0x080011f2   0x0000002a   Code   RO         3609    CL$$btod_ediv       c_w.l(btod.o)
    0x0800121c   0x0800121c   0x0000002a   Code   RO         3608    CL$$btod_emul       c_w.l(btod.o)
    0x08001246   0x08001246   0x00000244   Code   RO         3614    CL$$btod_mult_common  c_w.l(btod.o)
    0x0800148a   0x0800148a   0x00000002   PAD
    0x0800148c   0x0800148c   0x0000000c   Code   RO          467    i.ADC1_2_IRQHandler  stm32f1xx_it.o
    0x08001498   0x08001498   0x00000056   Code   RO          615    i.ADC_ConversionStop_Disable  stm32f1xx_hal_adc.o
    0x080014ee   0x080014ee   0x0000004e   Code   RO          616    i.ADC_DMAConvCplt   stm32f1xx_hal_adc.o
    0x0800153c   0x0800153c   0x0000001a   Code   RO          617    i.ADC_DMAError      stm32f1xx_hal_adc.o
    0x08001556   0x08001556   0x0000000a   Code   RO          618    i.ADC_DMAHalfConvCplt  stm32f1xx_hal_adc.o
    0x08001560   0x08001560   0x0000007c   Code   RO          619    i.ADC_Enable        stm32f1xx_hal_adc.o
    0x080015dc   0x080015dc   0x00000002   Code   RO          468    i.BusFault_Handler  stm32f1xx_it.o
    0x080015de   0x080015de   0x00000002   PAD
    0x080015e0   0x080015e0   0x0000000c   Code   RO          469    i.DMA1_Channel1_IRQHandler  stm32f1xx_it.o
    0x080015ec   0x080015ec   0x0000002a   Code   RO         1269    i.DMA_SetConfig     stm32f1xx_hal_dma.o
    0x08001616   0x08001616   0x00000002   Code   RO          470    i.DebugMon_Handler  stm32f1xx_it.o
    0x08001618   0x08001618   0x00000004   Code   RO           13    i.Error_Handler     main.o
    0x0800161c   0x0800161c   0x0000003c   Code   RO         1874    i.FSMC_NORSRAM_Extended_Timing_Init  stm32f1xx_ll_fsmc.o
    0x08001658   0x08001658   0x00000068   Code   RO         1875    i.FSMC_NORSRAM_Init  stm32f1xx_ll_fsmc.o
    0x080016c0   0x080016c0   0x00000044   Code   RO         1876    i.FSMC_NORSRAM_Timing_Init  stm32f1xx_ll_fsmc.o
    0x08001704   0x08001704   0x00000002   Code   RO          797    i.HAL_ADCEx_InjectedConvCpltCallback  stm32f1xx_hal_adc_ex.o
    0x08001706   0x08001706   0x00000002   PAD
    0x08001708   0x08001708   0x000000fc   Code   RO          621    i.HAL_ADC_ConfigChannel  stm32f1xx_hal_adc.o
    0x08001804   0x08001804   0x00000070   Code   RO         3432    i.HAL_ADC_ConvCpltCallback  adc_osc.o
    0x08001874   0x08001874   0x00000002   Code   RO          623    i.HAL_ADC_ConvHalfCpltCallback  stm32f1xx_hal_adc.o
    0x08001876   0x08001876   0x00000002   Code   RO          625    i.HAL_ADC_ErrorCallback  stm32f1xx_hal_adc.o
    0x08001878   0x08001878   0x000000e6   Code   RO          629    i.HAL_ADC_IRQHandler  stm32f1xx_hal_adc.o
    0x0800195e   0x0800195e   0x00000002   PAD
    0x08001960   0x08001960   0x00000120   Code   RO          630    i.HAL_ADC_Init      stm32f1xx_hal_adc.o
    0x08001a80   0x08001a80   0x00000002   Code   RO          631    i.HAL_ADC_LevelOutOfWindowCallback  stm32f1xx_hal_adc.o
    0x08001a82   0x08001a82   0x00000002   PAD
    0x08001a84   0x08001a84   0x000000a0   Code   RO          309    i.HAL_ADC_MspInit   adc.o
    0x08001b24   0x08001b24   0x0000010c   Code   RO          637    i.HAL_ADC_Start_DMA  stm32f1xx_hal_adc.o
    0x08001c30   0x08001c30   0x00000248   Code   RO         1275    i.HAL_DMA_IRQHandler  stm32f1xx_hal_dma.o
    0x08001e78   0x08001e78   0x0000007c   Code   RO         1276    i.HAL_DMA_Init      stm32f1xx_hal_dma.o
    0x08001ef4   0x08001ef4   0x00000070   Code   RO         1280    i.HAL_DMA_Start_IT  stm32f1xx_hal_dma.o
    0x08001f64   0x08001f64   0x00000024   Code   RO          898    i.HAL_Delay         stm32f1xx_hal.o
    0x08001f88   0x08001f88   0x00000080   Code   RO          377    i.HAL_FSMC_MspInit  fsmc.o
    0x08002008   0x08002008   0x000001f8   Code   RO         1206    i.HAL_GPIO_Init     stm32f1xx_hal_gpio.o
    0x08002200   0x08002200   0x00000010   Code   RO         1209    i.HAL_GPIO_TogglePin  stm32f1xx_hal_gpio.o
    0x08002210   0x08002210   0x0000000a   Code   RO         1210    i.HAL_GPIO_WritePin  stm32f1xx_hal_gpio.o
    0x0800221a   0x0800221a   0x00000002   PAD
    0x0800221c   0x0800221c   0x0000000c   Code   RO          902    i.HAL_GetTick       stm32f1xx_hal.o
    0x08002228   0x08002228   0x00000010   Code   RO          908    i.HAL_IncTick       stm32f1xx_hal.o
    0x08002238   0x08002238   0x00000024   Code   RO          909    i.HAL_Init          stm32f1xx_hal.o
    0x0800225c   0x0800225c   0x00000040   Code   RO          910    i.HAL_InitTick      stm32f1xx_hal.o
    0x0800229c   0x0800229c   0x0000003c   Code   RO          555    i.HAL_MspInit       stm32f1xx_hal_msp.o
    0x080022d8   0x080022d8   0x0000001a   Code   RO         1366    i.HAL_NVIC_EnableIRQ  stm32f1xx_hal_cortex.o
    0x080022f2   0x080022f2   0x00000002   PAD
    0x080022f4   0x080022f4   0x00000040   Code   RO         1372    i.HAL_NVIC_SetPriority  stm32f1xx_hal_cortex.o
    0x08002334   0x08002334   0x00000024   Code   RO         1373    i.HAL_NVIC_SetPriorityGrouping  stm32f1xx_hal_cortex.o
    0x08002358   0x08002358   0x000000ec   Code   RO         1169    i.HAL_RCCEx_PeriphCLKConfig  stm32f1xx_hal_rcc_ex.o
    0x08002444   0x08002444   0x0000012c   Code   RO         1066    i.HAL_RCC_ClockConfig  stm32f1xx_hal_rcc.o
    0x08002570   0x08002570   0x0000006c   Code   RO         1075    i.HAL_RCC_GetSysClockFreq  stm32f1xx_hal_rcc.o
    0x080025dc   0x080025dc   0x00000320   Code   RO         1078    i.HAL_RCC_OscConfig  stm32f1xx_hal_rcc.o
    0x080028fc   0x080028fc   0x00000064   Code   RO         1996    i.HAL_SRAM_Init     stm32f1xx_hal_sram.o
    0x08002960   0x08002960   0x00000004   Code   RO          379    i.HAL_SRAM_MspInit  fsmc.o
    0x08002964   0x08002964   0x00000028   Code   RO         1377    i.HAL_SYSTICK_Config  stm32f1xx_hal_cortex.o
    0x0800298c   0x0800298c   0x0000007c   Code   RO         2852    i.HAL_TIMEx_MasterConfigSynchronization  stm32f1xx_hal_tim_ex.o
    0x08002a08   0x08002a08   0x0000005a   Code   RO         2129    i.HAL_TIM_Base_Init  stm32f1xx_hal_tim.o
    0x08002a62   0x08002a62   0x00000002   PAD
    0x08002a64   0x08002a64   0x00000028   Code   RO          426    i.HAL_TIM_Base_MspInit  tim.o
    0x08002a8c   0x08002a8c   0x000000d6   Code   RO         2138    i.HAL_TIM_ConfigClockSource  stm32f1xx_hal_tim.o
    0x08002b62   0x08002b62   0x00000002   Code   RO          471    i.HardFault_Handler  stm32f1xx_it.o
    0x08002b64   0x08002b64   0x0000007e   Code   RO         3138    i.LCD_ArrangedDashed  lcd.o
    0x08002be2   0x08002be2   0x00000072   Code   RO         3139    i.LCD_ArrangedHoriDashed  lcd.o
    0x08002c54   0x08002c54   0x00000034   Code   RO         3141    i.LCD_Clear         lcd.o
    0x08002c88   0x08002c88   0x00000028   Code   RO         3143    i.LCD_CrossShape    lcd.o
    0x08002cb0   0x08002cb0   0x00000024   Code   RO         3146    i.LCD_DisplayOn     lcd.o
    0x08002cd4   0x08002cd4   0x00000130   Code   RO         3147    i.LCD_Display_Dir   lcd.o
    0x08002e04   0x08002e04   0x000000b0   Code   RO         3148    i.LCD_DrawLine      lcd.o
    0x08002eb4   0x08002eb4   0x00000024   Code   RO         3149    i.LCD_DrawPoint     lcd.o
    0x08002ed8   0x08002ed8   0x0000003c   Code   RO         3150    i.LCD_DrawRectangle  lcd.o
    0x08002f14   0x08002f14   0x000000f0   Code   RO         3154    i.LCD_Fast_DrawPoint  lcd.o
    0x08003004   0x08003004   0x00000054   Code   RO         3155    i.LCD_Fill          lcd.o
    0x08003058   0x08003058   0x0000255c   Code   RO         3157    i.LCD_Init          lcd.o
    0x080055b4   0x080055b4   0x0000000c   Code   RO         3159    i.LCD_RD_DATA       lcd.o
    0x080055c0   0x080055c0   0x00000054   Code   RO         3162    i.LCD_SSD_BackLightSet  lcd.o
    0x08005614   0x08005614   0x00000234   Code   RO         3163    i.LCD_Scan_Dir      lcd.o
    0x08005848   0x08005848   0x00000120   Code   RO         3164    i.LCD_SetCursor     lcd.o
    0x08005968   0x08005968   0x0000012c   Code   RO         3166    i.LCD_ShowChar      lcd.o
    0x08005a94   0x08005a94   0x00000066   Code   RO         3168    i.LCD_ShowString    lcd.o
    0x08005afa   0x08005afa   0x00000002   PAD
    0x08005afc   0x08005afc   0x0000000c   Code   RO         3170    i.LCD_WR_DATA       lcd.o
    0x08005b08   0x08005b08   0x0000000c   Code   RO         3171    i.LCD_WR_REG        lcd.o
    0x08005b14   0x08005b14   0x00000014   Code   RO         3173    i.LCD_WriteRAM_Prepare  lcd.o
    0x08005b28   0x08005b28   0x00000010   Code   RO         3174    i.LCD_WriteReg      lcd.o
    0x08005b38   0x08005b38   0x00000050   Code   RO          310    i.MX_ADC1_Init      adc.o
    0x08005b88   0x08005b88   0x0000002c   Code   RO          350    i.MX_DMA_Init       dma.o
    0x08005bb4   0x08005bb4   0x00000094   Code   RO          380    i.MX_FSMC_Init      fsmc.o
    0x08005c48   0x08005c48   0x000000b0   Code   RO          181    i.MX_GPIO_Init      gpio.o
    0x08005cf8   0x08005cf8   0x00000068   Code   RO          427    i.MX_TIM3_Init      tim.o
    0x08005d60   0x08005d60   0x00000002   Code   RO          472    i.MemManage_Handler  stm32f1xx_it.o
    0x08005d62   0x08005d62   0x00000002   Code   RO          473    i.NMI_Handler       stm32f1xx_it.o
    0x08005d64   0x08005d64   0x00000070   Code   RO         3433    i.OS_ADC_Config     adc_osc.o
    0x08005dd4   0x08005dd4   0x00000014   Code   RO         3434    i.OS_ADC_DMA        adc_osc.o
    0x08005de8   0x08005de8   0x00000128   Code   RO         3405    i.Osc_TFT_Windows   oscilloscope.o
    0x08005f10   0x08005f10   0x00000002   Code   RO          474    i.PendSV_Handler    stm32f1xx_it.o
    0x08005f12   0x08005f12   0x00000002   Code   RO          475    i.SVC_Handler       stm32f1xx_it.o
    0x08005f14   0x08005f14   0x00000004   Code   RO          476    i.SysTick_Handler   stm32f1xx_it.o
    0x08005f18   0x08005f18   0x0000007a   Code   RO           14    i.SystemClock_Config  main.o
    0x08005f92   0x08005f92   0x00000002   Code   RO         3101    i.SystemInit        system_stm32f1xx.o
    0x08005f94   0x08005f94   0x0000008c   Code   RO         2222    i.TIM_Base_SetConfig  stm32f1xx_hal_tim.o
    0x08006020   0x08006020   0x00000014   Code   RO         2233    i.TIM_ETR_SetConfig  stm32f1xx_hal_tim.o
    0x08006034   0x08006034   0x00000010   Code   RO         2234    i.TIM_ITRx_SetConfig  stm32f1xx_hal_tim.o
    0x08006044   0x08006044   0x00000022   Code   RO         2240    i.TIM_TI1_ConfigInputStage  stm32f1xx_hal_tim.o
    0x08006066   0x08006066   0x00000024   Code   RO         2242    i.TIM_TI2_ConfigInputStage  stm32f1xx_hal_tim.o
    0x0800608a   0x0800608a   0x00000002   Code   RO          477    i.UsageFault_Handler  stm32f1xx_it.o
    0x0800608c   0x0800608c   0x00000028   Code   RO         3634    i.__ARM_fpclassify  m_ws.l(fpclassify.o)
    0x080060b4   0x080060b4   0x00000020   Code   RO         1379    i.__NVIC_SetPriority  stm32f1xx_hal_cortex.o
    0x080060d4   0x080060d4   0x0000000e   Code   RO         3523    i._is_digit         c_w.l(__printf_wp.o)
    0x080060e2   0x080060e2   0x00000044   Code   RO           15    i.main              main.o
    0x08006126   0x08006126   0x00000002   PAD
    0x08006128   0x08006128   0x0000002c   Code   RO         3628    locale$$code        c_w.l(lc_numeric_c.o)
    0x08006154   0x08006154   0x00000010   Code   RO         3569    x$fpl$dcheck1       fz_ws.l(dcheck1.o)
    0x08006164   0x08006164   0x0000005a   Code   RO         3543    x$fpl$dfixu         fz_ws.l(dfixu.o)
    0x080061be   0x080061be   0x00000026   Code   RO         3547    x$fpl$dfltu         fz_ws.l(dflt_clz.o)
    0x080061e4   0x080061e4   0x00000154   Code   RO         3553    x$fpl$dmul          fz_ws.l(dmul.o)
    0x08006338   0x08006338   0x0000009c   Code   RO         3571    x$fpl$dnaninf       fz_ws.l(dnaninf.o)
    0x080063d4   0x080063d4   0x0000000c   Code   RO         3573    x$fpl$dretinf       fz_ws.l(dretinf.o)
    0x080063e0   0x080063e0   0x00000004   Code   RO         3555    x$fpl$printf1       fz_ws.l(printf1.o)
    0x080063e4   0x080063e4   0x00000064   Code   RO         3632    x$fpl$retnan        fz_ws.l(retnan.o)
    0x08006448   0x08006448   0x0000005c   Code   RO         3557    x$fpl$scalbn        fz_ws.l(scalbn.o)
    0x080064a4   0x080064a4   0x00000030   Code   RO         3696    x$fpl$trapveneer    fz_ws.l(trapv.o)
    0x080064d4   0x080064d4   0x00000000   Code   RO         3575    x$fpl$usenofp       fz_ws.l(usenofp.o)
    0x080064d4   0x080064d4   0x00000010   Data   RO         3102    .constdata          system_stm32f1xx.o
    0x080064e4   0x080064e4   0x000017c0   Data   RO         3177    .constdata          lcd.o
    0x08007ca4   0x08007ca4   0x00000028   Data   RO         3496    .constdata          c_w.l(_printf_hex_int.o)
    0x08007ccc   0x08007ccc   0x00000011   Data   RO         3526    .constdata          c_w.l(__printf_flags_wp.o)
    0x08007cdd   0x08007cdd   0x00000003   PAD
    0x08007ce0   0x08007ce0   0x00000094   Data   RO         3603    .constdata          c_w.l(bigflt0.o)
    0x08007d74   0x08007d74   0x00000020   Data   RO         3779    Region$$Table       anon$$obj.o
    0x08007d94   0x08007d94   0x0000001c   Data   RO         3627    locale$$data        c_w.l(lc_numeric_c.o)


    Execution Region RW_IRAM1 (Exec base: 0x20000000, Load base: 0x08007db0, Size: 0x00000d58, Max: 0x00010000, ABSOLUTE)

    Exec Addr    Load Addr    Size         Type   Attr      Idx    E Section Name        Object

    0x20000000   0x08007db0   0x00000008   Data   RW          382    .data               fsmc.o
    0x20000008   0x08007db8   0x0000000c   Data   RW          916    .data               stm32f1xx_hal.o
    0x20000014   0x08007dc4   0x00000004   Data   RW         3104    .data               system_stm32f1xx.o
    0x20000018   0x08007dc8   0x00000008   Data   RW         3178    .data               lcd.o
    0x20000020        -       0x00000074   Zero   RW          311    .bss                adc.o
    0x20000094        -       0x00000048   Zero   RW          381    .bss                fsmc.o
    0x200000dc        -       0x00000048   Zero   RW          428    .bss                tim.o
    0x20000124        -       0x00000056   Zero   RW         3176    .bss                lcd.o
    0x2000017a        -       0x00000578   Zero   RW         3435    .bss                adc_osc.o
    0x200006f2   0x08007dd0   0x00000002   PAD
    0x200006f4        -       0x00000060   Zero   RW         3637    .bss                c_w.l(libspace.o)
    0x20000754   0x08007dd0   0x00000004   PAD
    0x20000758        -       0x00000200   Zero   RW            2    HEAP                startup_stm32f103xe.o
    0x20000958        -       0x00000400   Zero   RW            1    STACK               startup_stm32f103xe.o


==============================================================================

Image component sizes


      Code (inc. data)   RO Data    RW Data    ZI Data      Debug   Object Name

       240         32          0          0        116       1751   adc.o
       244         42          0          0       1400       2295   adc_osc.o
        44          4          0          0          0        754   dma.o
       280         36          0          8         72       2207   fsmc.o
       176         14          0          0          0     508343   gpio.o
     12242        142       6080          8         86      22066   lcd.o
       194          0          0          0          0      46264   main.o
       296         56          0          0          0        674   oscilloscope.o
        64         26        304          0       1536        808   startup_stm32f103xe.o
       164         28          0         12          0       6497   stm32f1xx_hal.o
      1368         60          0          0          0       9343   stm32f1xx_hal_adc.o
         2          0          0          0          0       1053   stm32f1xx_hal_adc_ex.o
       198         14          0          0          0      28951   stm32f1xx_hal_cortex.o
       862         44          0          0          0       3655   stm32f1xx_hal_dma.o
       530         42          0          0          0       3509   stm32f1xx_hal_gpio.o
        60          8          0          0          0        866   stm32f1xx_hal_msp.o
      1208         76          0          0          0       4062   stm32f1xx_hal_rcc.o
       236         12          0          0          0       1380   stm32f1xx_hal_rcc_ex.o
       100          0          0          0          0       1200   stm32f1xx_hal_sram.o
       550         20          0          0          0       5987   stm32f1xx_hal_tim.o
       124         20          0          0          0       1324   stm32f1xx_hal_tim_ex.o
        44         12          0          0          0       4745   stm32f1xx_it.o
       232         14          0          0          0       3855   stm32f1xx_ll_fsmc.o
         2          0         16          4          0       1115   system_stm32f1xx.o
       144         20          0          0         72       1618   tim.o

    ----------------------------------------------------------------------
     19622        722       6432         32       3284     664322   Object Totals
         0          0         32          0          0          0   (incl. Generated)
        18          0          0          0          2          0   (incl. Padding)

    ----------------------------------------------------------------------

      Code (inc. data)   RO Data    RW Data    ZI Data      Debug   Library Member Name

         8          0          0          0          0         68   __main.o
       312          4         17          0          0         92   __printf_flags_wp.o
        14          0          0          0          0         68   __printf_wp.o
         0          0          0          0          0          0   __rtentry.o
        12          0          0          0          0          0   __rtentry2.o
         6          0          0          0          0          0   __rtentry4.o
        52          8          0          0          0          0   __scatter.o
        26          0          0          0          0          0   __scatter_copy.o
        28          0          0          0          0          0   __scatter_zi.o
        48          6          0          0          0         96   _printf_char_common.o
         6          0          0          0          0          0   _printf_d.o
       120         16          0          0          0         92   _printf_dec.o
         6          0          0          0          0          0   _printf_f.o
      1054          0          0          0          0        216   _printf_fp_dec.o
       128         16          0          0          0         84   _printf_fp_infnan.o
        88          4         40          0          0         88   _printf_hex_int.o
       178          0          0          0          0         88   _printf_intcommon.o
        78          0          0          0          0        108   _printf_pad.o
         0          0          0          0          0          0   _printf_percent.o
         4          0          0          0          0          0   _printf_percent_end.o
         6          0          0          0          0          0   _printf_x.o
        10          0          0          0          0         68   _sputc.o
       228          4        148          0          0         96   bigflt0.o
      1936        128          0          0          0        672   btod.o
        18          0          0          0          0         80   exit.o
         6          0          0          0          0        152   heapauxi.o
         0          0          0          0          0          0   indicate_semi.o
        44         10         28          0          0         76   lc_numeric_c.o
         2          0          0          0          0          0   libinit.o
        18          0          0          0          0          0   libinit2.o
         2          0          0          0          0          0   libshutdown.o
         2          0          0          0          0          0   libshutdown2.o
         8          4          0          0         96         68   libspace.o
       138          0          0          0          0         80   lludiv10.o
        40          6          0          0          0         84   noretval__2sprintf.o
         8          4          0          0          0         68   rt_locale_intlibspace.o
        78          0          0          0          0         80   rt_memclr_w.o
         2          0          0          0          0          0   rtexit.o
        10          0          0          0          0          0   rtexit2.o
       128          0          0          0          0         68   strcmpv7m.o
        12          4          0          0          0         68   sys_exit.o
        74          0          0          0          0         80   sys_stackheap_outer.o
         2          0          0          0          0         68   use_no_semi.o
        16          4          0          0          0         68   dcheck1.o
        90          4          0          0          0         92   dfixu.o
        38          0          0          0          0         68   dflt_clz.o
       340         12          0          0          0        104   dmul.o
       156          4          0          0          0         92   dnaninf.o
        12          0          0          0          0         68   dretinf.o
         4          0          0          0          0         68   printf1.o
       100          0          0          0          0         68   retnan.o
        92          0          0          0          0         68   scalbn.o
        48          0          0          0          0         68   trapv.o
         0          0          0          0          0          0   usenofp.o
        40          0          0          0          0         68   fpclassify.o

    ----------------------------------------------------------------------
      5886        238        236          0        100       3640   Library Totals
        10          0          3          0          4          0   (incl. Padding)

    ----------------------------------------------------------------------

      Code (inc. data)   RO Data    RW Data    ZI Data      Debug   Library Name

      4940        214        233          0         96       2808   c_w.l
       896         24          0          0          0        764   fz_ws.l
        40          0          0          0          0         68   m_ws.l

    ----------------------------------------------------------------------
      5886        238        236          0        100       3640   Library Totals

    ----------------------------------------------------------------------

==============================================================================


      Code (inc. data)   RO Data    RW Data    ZI Data      Debug   

     25508        960       6668         32       3384     661146   Grand Totals
     25508        960       6668         32       3384     661146   ELF Image Totals
     25508        960       6668         32          0          0   ROM Totals

==============================================================================

    Total RO  Size (Code + RO Data)                32176 (  31.42kB)
    Total RW  Size (RW Data + ZI Data)              3416 (   3.34kB)
    Total ROM Size (Code + RO Data + RW Data)      32208 (  31.45kB)

==============================================================================

